Clock ISO
Clock Edge(ps):+    5000

chipyard.harness.TestHarness.GemminiRocketConfig-ChipTop
                    Instance                                     Module                   Cell-Count   Cell-Area   Net-Area   Total-Area 
  ----------------------------------------------------------------------------------------------------------------------------------------
  Gemmini                                       NA                                             658853 3419838.364 514768.555  3934606.920 
    ex_controller                               ExecuteController                              319290  564312.252 255353.335   819665.587 
      mesh                                      MeshWithDelays                                 309494  545399.309 248516.630   793915.939 
        mesh                                    Mesh                                           294552  492384.563 239695.725   732080.288 
    spad                                        Scratchpad                                     177735 2548632.509 131205.182  2679837.691 
      acc_adders                                AccPipeShared                                    3573    8477.395   2369.612    10847.007 
      acc_mems_0                                AccumulatorMem                                  10727  270351.935   7909.495   278261.430 
      acc_mems_1                                AccumulatorMem_1                                10727  270354.734   7909.495   278264.229 
      acc_scale_unit                            AccumulatorScale                                74490  128264.576  57121.762   185386.338 
      dma_read_pipe                             Queue4_ScratchpadReadResp                         957    3563.585    541.626     4105.211 
        ram_ext                                 ram_4x129                                         922    3504.799    517.442     4022.241 
      dma_read_pipe_1                           Queue4_ScratchpadReadResp_2                       957    3563.585    541.626     4105.211 
        ram_ext                                 ram_4x129_2                                       922    3504.799    517.442     4022.241 
      dma_read_pipe_2                           Queue4_ScratchpadReadResp_4                       957    3563.585    541.626     4105.211 
        ram_ext                                 ram_4x129_4                                       922    3504.799    517.442     4022.241 
      dma_read_pipe_3                           Queue4_ScratchpadReadResp_6                       957    3563.585    541.626     4105.211 
        ram_ext                                 ram_4x129_6                                       922    3504.799    517.442     4022.241 
      ex_read_pipe                              Queue4_ScratchpadReadResp_1                       952    3560.786    538.889     4099.675 
        ram_ext                                 ram_4x129_1                                       920    3503.399    516.931     4020.330 
      ex_read_pipe_1                            Queue4_ScratchpadReadResp_3                       952    3560.786    538.889     4099.675 
        ram_ext                                 ram_4x129_3                                       920    3503.399    516.931     4020.330 
      ex_read_pipe_2                            Queue4_ScratchpadReadResp_5                       952    3560.786    538.889     4099.675 
        ram_ext                                 ram_4x129_5                                       920    3503.399    516.931     4020.330 
      ex_read_pipe_3                            Queue4_ScratchpadReadResp_7                       953    3583.647    541.843     4125.490 
        ram_ext                                 ram_4x129_7                                       923    3527.660    519.399     4047.059 
      spad_mems_0                               ScratchpadBank                                    364  424732.130    322.952   425055.082 
        mem                                     mem                                                35  423578.093     17.009   423595.102 
          mem_ext                               mem_ext                                            35  423578.093     17.009   423595.102 
        q                                       Queue1_ScratchpadReadResp                         271    1043.928    100.417     1144.345 
      spad_mems_1                               ScratchpadBank_1                                  364  424732.130    322.952   425055.082 
        mem                                     mem_1                                              35  423578.093     17.009   423595.102 
          mem_ext                               mem_ext_1                                          35  423578.093     17.009   423595.102 
        q                                       Queue1_ScratchpadReadResp_1                       271    1043.928    100.417     1144.345 
      spad_mems_2                               ScratchpadBank_2                                  364  424732.130    322.952   425055.082 
        mem                                     mem_2                                              35  423578.093     17.009   423595.102 
          mem_ext                               mem_ext_2                                          35  423578.093     17.009   423595.102 
        q                                       Queue1_ScratchpadReadResp_2                       271    1043.928    100.417     1144.345 
      spad_mems_3                               ScratchpadBank_3                                  365  424733.529    324.180   425057.709 
        mem                                     mem_3                                              35  423578.093     17.009   423595.102 
          mem_ext                               mem_ext_3                                          35  423578.093     17.009   423595.102 
        q                                       Queue1_ScratchpadReadResp_3                       271    1043.928    100.417     1144.345 
      vsm                                       VectorScalarMultiplier                          14164   25611.811   9410.961    35022.772 

chipyard.harness.TestHarness.GemminiINT16RocketConfig-ChipTop
                   Instance                                     Module                   Cell-Count   Cell-Area   Net-Area   Total-Area 
  ----------------------------------------------------------------------------------------------------------------------------------------
  Gemmini                                       NA                                             917213 4014480.400 750800.711  4765281.111 
    ex_controller                               ExecuteController                              560014 1068428.932 476900.678  1545329.610 
      mesh                                      MeshWithDelays                                 548982 1047489.252 469233.221  1516722.474 
        mesh                                    Mesh                                           521639  949380.782 453020.494  1402401.276 
    spad                                        Scratchpad                                     196967 2642382.727 146557.987  2788940.715 
      acc_adders                                AccPipeShared                                    3573    8477.395   2369.612    10847.007 
      acc_mems_0                                AccumulatorMem                                  10724  270345.169   7904.111   278249.281 
      acc_mems_1                                AccumulatorMem_1                                10726  270351.235   7905.109   278256.344 
      acc_scale_unit                            AccumulatorScale                                75269  134034.290  57606.695   191640.985 
      dma_read_pipe                             Queue4_ScratchpadReadResp                        1999    7257.108   1122.141     8379.249 
        ram_ext                                 ram_4x257                                        1965    7197.621   1098.700     8296.321 
      dma_read_pipe_1                           Queue4_ScratchpadReadResp_2                      2009    7271.104   1127.129     8398.233 
        ram_ext                                 ram_4x257_2                                      1975    7212.551   1103.687     8316.238 
      dma_read_pipe_2                           Queue4_ScratchpadReadResp_4                      2007    7269.471   1126.131     8395.603 
        ram_ext                                 ram_4x257_4                                      1973    7210.918   1102.690     8313.608 
      dma_read_pipe_3                           Queue4_ScratchpadReadResp_6                      2002    7257.108   1123.638     8380.745 
        ram_ext                                 ram_4x257_6                                      1968    7198.554   1100.196     8298.750 
      ex_read_pipe                              Queue4_ScratchpadReadResp_1                      1889    7114.107   1067.521     8181.628 
        ram_ext                                 ram_4x257_1                                      1856    7056.487   1044.335     8100.822 
      ex_read_pipe_1                            Queue4_ScratchpadReadResp_3                      1886    7111.774   1066.025     8177.799 
        ram_ext                                 ram_4x257_3                                      1853    7054.154   1042.839     8096.993 
      ex_read_pipe_2                            Queue4_ScratchpadReadResp_5                      1872    7095.444   1059.042     8154.487 
        ram_ext                                 ram_4x257_5                                      1839    7037.824   1035.856     8073.681 
      ex_read_pipe_3                            Queue4_ScratchpadReadResp_7                      1896    7143.733   1072.982     8216.715 
        ram_ext                                 ram_4x257_7                                      1866    7088.213   1049.809     8138.022 
      spad_mems_0                               ScratchpadBank                                    652  434669.421    598.573   435267.994 
        mem                                     mem                                                68  432428.066     33.020   432461.087 
          mem_ext                               mem_ext                                            68  432428.066     33.020   432461.087 
        q                                       Queue1_ScratchpadReadResp                         551    2107.218    269.777     2376.995 
      spad_mems_1                               ScratchpadBank_1                                  652  434669.421    598.573   435267.994 
        mem                                     mem_1                                              68  432428.066     33.020   432461.087 
          mem_ext                               mem_ext_1                                          68  432428.066     33.020   432461.087 
        q                                       Queue1_ScratchpadReadResp_1                       551    2107.218    269.777     2376.995 
      spad_mems_2                               ScratchpadBank_2                                  651  434657.757    598.318   435256.074 
        mem                                     mem_2                                              68  432428.066     33.020   432461.087 
          mem_ext                               mem_ext_2                                          68  432428.066     33.020   432461.087 
        q                                       Queue1_ScratchpadReadResp_2                       551    2107.218    269.777     2376.995 
      spad_mems_3                               ScratchpadBank_3                                  651  434657.757    598.318   435256.074 
        mem                                     mem_3                                              68  432428.066     33.020   432461.087 
          mem_ext                               mem_ext_3                                          68  432428.066     33.020   432461.087 
        q                                       Queue1_ScratchpadReadResp_3                       551    2107.218    269.777     2376.995 
      vsm                                       VectorScalarMultiplier                          19982   39064.136  14343.268    53407.404
      vsm_1                                     VectorScalarMultiplier_1                          695    3649.666     47.024     3696.690 
      vsm_in_q                                  Queue2_VectorScalarMultiplierReq                 1254    5126.095    558.187     5684.282 
        ram_ext                                 ram_2x400                                        1149    5027.417    546.063     5573.480 
      vsm_in_q_1                                Queue2_VectorScalarMultiplierReq_1               1940    8463.632    925.656     9389.288 
        ram_ext                                 ram_2x624                                        1873    8390.615    913.533     9304.148 

chipyard.harness.TestHarness.GemminiINT4Acc32RocketConfig-ChipTop
                   Instance                                     Module                   Cell-Count   Cell-Area   Net-Area   Total-Area 
  ----------------------------------------------------------------------------------------------------------------------------------------
  Gemmini                                       NA                                             499550 3152244.976 381244.175  3533489.151 
    ex_controller                               ExecuteController                              161001  305394.080 124317.450   429711.530 
      mesh                                      MeshWithDelays                                 151680  287263.558 117978.556   405242.114 
        mesh                                    Mesh                                           142954  256872.540 112872.835   369745.375
    spad                                        Scratchpad                                     176523 2539070.129 129339.060  2668409.189 
      acc_adders                                AccPipeShared                                    3573    8477.395   2369.612    10847.007
      acc_mems_0                                AccumulatorMem                                  10735  270347.502   7912.513   278260.016 
        mem                                     TwoPortSyncMem                                   7362  257160.417   5971.770   263132.187 
          mem                                   mem_0                                            7361  257159.717   5971.770   263131.487 
            mem_0_ext                           mem_0_ext                                        7360  257159.017   5971.770   263130.787 
        q                                       Queue1_AccumulatorReadResp                       1266    4516.301    557.125     5073.426 
      acc_mems_1                                AccumulatorMem_1                                10735  270350.302   7912.513   278262.815 
        mem                                     TwoPortSyncMem_1                                 7362  257163.217   5971.770   263134.986 
          mem                                   mem_0_1                                          7361  257162.517   5971.770   263134.286 
            mem_0_ext                           mem_0_ext_1                                      7360  257161.817   5971.770   263133.586 
        q                                       Queue1_AccumulatorReadResp_1                     1266    4516.301    557.125     5073.426 
      acc_scale_unit                            AccumulatorScale                                73897  125113.196  56748.064   181861.261 
      dma_read_pipe                             Queue4_ScratchpadReadResp                         957    3563.585    541.626     4105.211 
        ram_ext                                 ram_4x129                                         922    3504.799    517.442     4022.241 
      dma_read_pipe_1                           Queue4_ScratchpadReadResp_2                       957    3563.585    541.626     4105.211 
        ram_ext                                 ram_4x129_2                                       922    3504.799    517.442     4022.241 
      dma_read_pipe_2                           Queue4_ScratchpadReadResp_4                       957    3563.585    541.626     4105.211 
        ram_ext                                 ram_4x129_4                                       922    3504.799    517.442     4022.241 
      dma_read_pipe_3                           Queue4_ScratchpadReadResp_6                       957    3563.585    541.626     4105.211 
        ram_ext                                 ram_4x129_6                                       922    3504.799    517.442     4022.241 
      ex_read_pipe                              Queue4_ScratchpadReadResp_1                       700    1984.513    289.369     2273.882 
        ram_ext                                 ram_4x129_1                                       542    1839.413    266.682     2106.095 
      ex_read_pipe_1                            Queue4_ScratchpadReadResp_3                       700    1984.513    289.369     2273.882 
        ram_ext                                 ram_4x129_3                                       542    1839.413    266.682     2106.095 
      ex_read_pipe_2                            Queue4_ScratchpadReadResp_5                       700    1984.513    289.369     2273.882 
        ram_ext                                 ram_4x129_5                                       542    1839.413    266.682     2106.095 
      ex_read_pipe_3                            Queue4_ScratchpadReadResp_7                       700    1984.513    289.369     2273.882 
        ram_ext                                 ram_4x129_7                                       542    1839.413    266.682     2106.095 
      mvin_scale_pixel_repeater                 PixelRepeater_1                                   914    2000.376    745.375     2745.751 
      norm_unit_passthru_q                      Queue2_NormalizedInput                           3295    7262.240   1766.243     9028.482 
        ram_ext                                 ram_2x550                                        3270    7221.649   1754.362     8976.011 
      read_issue_q                              Queue5_ScratchpadMemReadRequest                  1459    3976.024    738.021     4714.045 
        ram_ext                                 ram_5x258                                        1141    3700.521    675.548     4376.069 
      reader                                    StreamReader                                    17140   32291.551  13927.790    46219.341 
        beatPacker                              BeatMerger                                      11065   17079.129  10787.239    27866.368 
        core                                    StreamReaderCore                                 2553    5196.079    757.255     5953.334 
          tlb_arb                               Arbiter2_TLBundleAWithInfo                        338     407.540     15.078      422.618 
          tlb_q                                 Queue1_TLBundleAWithInfo                          343    1274.875      2.993     1277.868 
          translate_q                           Queue1_TLBundleAWithInfo_1                        343    1274.875      2.993     1277.868 
        xactTracker                             XactTracker                                      3038    9369.924   2236.981    11606.905 
      spad_mems_0                               ScratchpadBank                                    364  424732.130    322.952   425055.082 
        mem                                     mem                                                35  423578.093     17.009   423595.102 
          mem_ext                               mem_ext                                            35  423578.093     17.009   423595.102 
        q                                       Queue1_ScratchpadReadResp                         271    1043.928    100.417     1144.345 
      spad_mems_1                               ScratchpadBank_1                                  364  424732.130    322.952   425055.082 
        mem                                     mem_1                                              35  423578.093     17.009   423595.102 
          mem_ext                               mem_ext_1                                          35  423578.093     17.009   423595.102 
        q                                       Queue1_ScratchpadReadResp_1                       271    1043.928    100.417     1144.345 
      spad_mems_2                               ScratchpadBank_2                                  340  424687.340    310.982   424998.322 
        mem                                     mem_2                                              35  423578.093     17.009   423595.102 
          mem_ext                               mem_ext_2                                          35  423578.093     17.009   423595.102 
        q                                       Queue1_ScratchpadReadResp_2                       271    1043.928    100.417     1144.345 
      spad_mems_3                               ScratchpadBank_3                                  340  424687.340    310.982   424998.322 
        mem                                     mem_3                                              35  423578.093     17.009   423595.102 
          mem_ext                               mem_ext_3                                          35  423578.093     17.009   423595.102 
        q                                       Queue1_ScratchpadReadResp_3                       271    1043.928    100.417     1144.345 
      vsm                                       VectorScalarMultiplier                          14045   25220.134   9253.239    34473.373
      vsm_1                                     VectorScalarMultiplier_1                          700    3648.499     49.019     3697.518 
      vsm_in_q                                  Queue2_VectorScalarMultiplierReq                  824    3143.681    346.036     3489.717 
        ram_ext                                 ram_2x257                                         717    3045.237    332.429     3377.666 
      vsm_in_q_1                                Queue2_VectorScalarMultiplierReq_1               1943    8467.597    925.656     9393.254 
        ram_ext                                 ram_2x625                                        1874    8393.181    913.533     9306.714 
      write_dispatch_q_q                        Queue2_ScratchpadMemWriteRequest                 1178    2127.280    176.330     2303.610 
        ram_ext                                 ram_2x383                                         610    1706.676    138.220     1844.896 
      write_issue_q                             Queue5_ScratchpadMemWriteRequest                  960    2817.789    383.852     3201.641 
        ram_ext                                 ram_5x190                                         681    2570.512    332.301     2902.813 
      write_norm_q                              Queue6_ScratchpadMemWriteRequest                 1828    3342.436    622.015     3964.451 
        ram_ext                                 ram_6x383                                        1164    2829.920    584.327     3414.247 
      write_scale_q                             Queue6_ScratchpadMemWriteRequest_1               1826    3340.103    618.588     3958.691 
        ram_ext                                 ram_6x383_1                                      1163    2827.820    584.071     3411.891 
      writer                                    StreamWriter                                     9050   19455.319   6548.359    26003.678 
        shadow_retry_a                          Queue1_TLBundleAWithInfo_2                        347    1284.440      4.975     1289.414 
        tlb_arb                                 Arbiter3_TLBundleAWithInfo                        364     711.971    155.817      867.788 
        tlb_q                                   Queue1_TLBundleAWithInfo_3                        348    1285.373      4.975     1290.348 
        translate_q                             Queue1_TLBundleAWithInfo_3_1                      348    1285.373      4.975     1290.348 

chipyard.harness.TestHarness.GemminiINT4Acc16RocketConfig-ChipTop
                   Instance                                     Module                   Cell-Count   Cell-Area   Net-Area   Total-Area 
  ----------------------------------------------------------------------------------------------------------------------------------------
  Gemmini                                       NA                                             457195 3069510.824 351664.466  3421175.290 
    ex_controller                               ExecuteController                              153717  298771.027 121805.296   420576.323 
      mesh                                      MeshWithDelays                                 144980  280963.132 115558.647   396521.779 
        mesh                                    Mesh                                           136166  250592.642 110412.437   361005.079 
    spad                                        Scratchpad                                     142104 2463636.241 101835.565  2565471.806 
      acc_adders                                AccPipeShared                                    2247    4091.964   1525.163     5617.128 
        m                                       AccPipe                                           105     181.958     54.838      236.796 
        m_1                                     AccPipe_1                                         105     181.958     54.838      236.796 
        m_10                                    AccPipe_10                                        105     181.958     54.838      236.796 
        m_11                                    AccPipe_11                                        105     181.958     54.838      236.796 
        m_12                                    AccPipe_12                                        105     181.958     54.838      236.796 
        m_13                                    AccPipe_13                                        105     181.958     54.838      236.796 
        m_14                                    AccPipe_14                                        105     181.958     54.838      236.796 
        m_15                                    AccPipe_15                                        105     181.958     54.838      236.796 
        m_2                                     AccPipe_2                                         105     181.958     54.838      236.796 
        m_3                                     AccPipe_3                                         105     181.958     54.838      236.796 
        m_4                                     AccPipe_4                                         105     181.958     54.838      236.796 
        m_5                                     AccPipe_5                                         105     181.958     54.838      236.796 
        m_6                                     AccPipe_6                                         105     181.958     54.838      236.796 
        m_7                                     AccPipe_7                                         105     181.958     54.838      236.796 
        m_8                                     AccPipe_8                                         105     181.958     54.838      236.796 
        m_9                                     AccPipe_9                                         105     181.958     54.838      236.796 
      acc_mems_0                                AccumulatorMem                                   9516  264925.375   7614.448   272539.823 
        mem                                     TwoPortSyncMem                                   7203  257339.343   6028.155   263367.498 
          mem                                   mem_0                                            7202  257338.643   6028.155   263366.798 
            mem_0_ext                           mem_0_ext                                        7201  257337.943   6028.155   263366.098 
        q                                       Queue1_AccumulatorReadResp                        679    2418.880    299.792     2718.672 
      acc_mems_1                                AccumulatorMem_1                                 9521  264900.881   7618.400   272519.281 
        mem                                     TwoPortSyncMem_1                                 7193  257322.780   6023.167   263345.947 
          mem                                   mem_0_1                                          7192  257322.080   6023.167   263345.247 
            mem_0_ext                           mem_0_ext_1                                      7191  257321.380   6023.167   263344.548 
        q                                       Queue1_AccumulatorReadResp_1                      688    2420.747    298.206     2718.953 
      acc_scale_unit                            AccumulatorScale                                51739   82262.926  37879.681   120142.607
      dma_read_pipe                             Queue4_ScratchpadReadResp                         957    3563.585    541.626     4105.211 
        ram_ext                                 ram_4x129                                         922    3504.799    517.442     4022.241 
      dma_read_pipe_1                           Queue4_ScratchpadReadResp_2                       956    3564.752    540.884     4105.635 
        ram_ext                                 ram_4x129_2                                       922    3504.799    517.442     4022.241 
      dma_read_pipe_2                           Queue4_ScratchpadReadResp_4                       957    3563.585    541.626     4105.211 
        ram_ext                                 ram_4x129_4                                       922    3504.799    517.442     4022.241 
      dma_read_pipe_3                           Queue4_ScratchpadReadResp_6                       957    3563.585    541.626     4105.211 
        ram_ext                                 ram_4x129_6                                       922    3504.799    517.442     4022.241 
      ex_read_pipe                              Queue4_ScratchpadReadResp_1                       697    1960.252    285.903     2246.155 
        ram_ext                                 ram_4x129_1                                       536    1813.052    262.718     2075.770 
      ex_read_pipe_1                            Queue4_ScratchpadReadResp_3                       700    1984.046    289.369     2273.416 
        ram_ext                                 ram_4x129_3                                       542    1838.946    266.682     2105.628 
      ex_read_pipe_2                            Queue4_ScratchpadReadResp_5                       697    1960.252    285.903     2246.155 
        ram_ext                                 ram_4x129_5                                       536    1813.052    262.718     2075.770 
      ex_read_pipe_3                            Queue4_ScratchpadReadResp_7                       700    1984.513    289.369     2273.882 
        ram_ext                                 ram_4x129_7                                       542    1839.413    266.682     2106.095 
      mvin_scale_pixel_repeater                 PixelRepeater_1                                   919    2011.340    748.354     2759.694 
      norm_unit_passthru_q                      Queue2_NormalizedInput                           1677    3873.381    900.322     4773.703 
        ram_ext                                 ram_2x294                                        1652    3832.790    888.441     4721.232 
      read_issue_q                              Queue5_ScratchpadMemReadRequest                  1468    3975.091    742.510     4717.601 
        ram_ext                                 ram_5x258                                        1150    3699.588    680.037     4379.625 
      reader                                    StreamReader                                    14731   28644.218  11389.662    40033.880 
        beatPacker                              BeatMerger                                       8681   13519.043   8267.655    21786.697 
        core                                    StreamReaderCore                                 2560    5201.444    764.404     5965.848 
          tlb_arb                               Arbiter2_TLBundleAWithInfo                        338     407.540     15.078      422.618 
          tlb_q                                 Queue1_TLBundleAWithInfo                          343    1274.875      2.993     1277.868 
          translate_q                           Queue1_TLBundleAWithInfo_1                        343    1274.875      2.993     1277.868 
        xactTracker                             XactTracker                                      3006    9277.312   2214.715    11492.028 
      spad_mems_0                               ScratchpadBank                                    364  424732.130    322.952   425055.082 
        mem                                     mem                                                35  423578.093     17.009   423595.102 
          mem_ext                               mem_ext                                            35  423578.093     17.009   423595.102 
        q                                       Queue1_ScratchpadReadResp                         271    1043.928    100.417     1144.345 
      spad_mems_1                               ScratchpadBank_1                                  364  424732.130    322.952   425055.082 
        mem                                     mem_1                                              35  423578.093     17.009   423595.102 
          mem_ext                               mem_ext_1                                          35  423578.093     17.009   423595.102 
        q                                       Queue1_ScratchpadReadResp_1                       271    1043.928    100.417     1144.345 
      spad_mems_2                               ScratchpadBank_2                                  340  424687.340    310.982   424998.322 
        mem                                     mem_2                                              35  423578.093     17.009   423595.102 
          mem_ext                               mem_ext_2                                          35  423578.093     17.009   423595.102 
        q                                       Queue1_ScratchpadReadResp_2                       271    1043.928    100.417     1144.345 
      spad_mems_3                               ScratchpadBank_3                                  340  424687.340    310.982   424998.322 
        mem                                     mem_3                                              35  423578.093     17.009   423595.102 
          mem_ext                               mem_ext_3                                          35  423578.093     17.009   423595.102 
        q                                       Queue1_ScratchpadReadResp_3                       271    1043.928    100.417     1144.345 
      vsm                                       VectorScalarMultiplier                          14042   25228.066   9251.499    34479.565 
      vsm_1                                     VectorScalarMultiplier_1                          406    1974.715     45.540     2020.256 
      vsm_in_q                                  Queue2_VectorScalarMultiplierReq                  824    3143.681    346.036     3489.717 
        ram_ext                                 ram_2x257                                         717    3045.237    332.429     3377.666 
      vsm_in_q_1                                Queue2_VectorScalarMultiplierReq_1               1063    4475.010    491.916     4966.926 
        ram_ext                                 ram_2x337                                         995    4401.994    479.294     4881.287 
      write_dispatch_q_q                        Queue2_ScratchpadMemWriteRequest                  986    1992.911    176.330     2169.241 
        ram_ext                                 ram_2x319                                         546    1661.887    138.220     1800.107 
      write_issue_q                             Queue5_ScratchpadMemWriteRequest                 1000    2815.923    403.802     3219.725 
        ram_ext                                 ram_5x190                                         721    2568.646    363.671     2932.317 
      write_norm_q                              Queue6_ScratchpadMemWriteRequest                 1641    3211.099    622.079     3833.178 
        ram_ext                                 ram_6x319                                        1106    2787.929    587.562     3375.492 
      write_scale_q                             Queue6_ScratchpadMemWriteRequest_1               1635    3205.500    618.115     3823.615 
        ram_ext                                 ram_6x319_1                                      1100    2782.797    584.570     3367.367 
      writer                                    StreamWriter                                     8816   17762.639   6360.212    24122.851 
        shadow_retry_a                          Queue1_TLBundleAWithInfo_2                        347    1284.440      4.975     1289.414 
        tlb_arb                                 Arbiter3_TLBundleAWithInfo                        367     718.969    157.313      876.282 
        tlb_q                                   Queue1_TLBundleAWithInfo_3                        348    1285.373      4.975     1290.348 
        translate_q                             Queue1_TLBundleAWithInfo_3_1                      348    1285.373      4.975     1290.348 
