Clock F-MAX

chipyard.harness.TestHarness.GemminiRocketConfig-ChipTop         Clock Edge(ps):+    3000            0     
                    Instance                                     Module                   Cell-Count   Cell-Area   Net-Area   Total-Area 
  ----------------------------------------------------------------------------------------------------------------------------------------
  Gemmini                                       NA                                             695424 3459751.639 536441.020  3996192.660 
    ex_controller                               ExecuteController                              322566  567025.065 256802.112   823827.177 
      mesh                                      MeshWithDelays                                 312665  548036.539 249915.953   797952.492 
        mesh                                    Mesh                                           297729  495022.493 241096.340   736118.833 
    spad                                        Scratchpad                                     209870 2584130.494 150624.348  2734754.841 
      acc_adders                                AccPipeShared                                    3605    8530.350   2385.572    10915.922 
      acc_mems_0                                AccumulatorMem                                  10791  270394.625   7941.173   278335.798 
      acc_mems_1                                AccumulatorMem_1                                10789  270383.194   7940.175   278323.369 
      acc_scale_unit                            AccumulatorScale                               104957  162313.425  75570.013   237883.437 
      dma_read_pipe                             Queue4_ScratchpadReadResp                         954    3561.486    540.615     4102.101 
        ram_ext                                 ram_4x129                                         919    3502.699    515.946     4018.645 
      dma_read_pipe_1                           Queue4_ScratchpadReadResp_2                       954    3561.486    540.615     4102.101 
        ram_ext                                 ram_4x129_2                                       919    3502.699    515.946     4018.645 
      dma_read_pipe_2                           Queue4_ScratchpadReadResp_4                       954    3561.486    540.615     4102.101 
        ram_ext                                 ram_4x129_4                                       919    3502.699    515.946     4018.645 
      dma_read_pipe_3                           Queue4_ScratchpadReadResp_6                       954    3561.486    540.615     4102.101 
        ram_ext                                 ram_4x129_6                                       919    3502.699    515.946     4018.645 
      ex_read_pipe                              Queue4_ScratchpadReadResp_1                       955    3562.419    540.628     4103.047 
        ram_ext                                 ram_4x129_1                                       922    3504.799    517.442     4022.241 
      ex_read_pipe_1                            Queue4_ScratchpadReadResp_3                       955    3562.419    540.628     4103.047 
        ram_ext                                 ram_4x129_3                                       922    3504.799    517.442     4022.241 
      ex_read_pipe_2                            Queue4_ScratchpadReadResp_5                       955    3562.419    540.628     4103.047 
        ram_ext                                 ram_4x129_5                                       922    3504.799    517.442     4022.241 
      ex_read_pipe_3                            Queue4_ScratchpadReadResp_7                       954    3583.647    542.585     4126.232 
        ram_ext                                 ram_4x129_7                                       924    3528.127    519.898     4048.024 
      spad_mems_0                               ScratchpadBank                                    340  424687.340    310.982   424998.322 
        mem                                     mem                                                35  423578.093     17.009   423595.102 
          mem_ext                               mem_ext                                            35  423578.093     17.009   423595.102 
        q                                       Queue1_ScratchpadReadResp                         271    1043.928    100.417     1144.345 
      spad_mems_1                               ScratchpadBank_1                                  340  424687.340    310.982   424998.322 
        mem                                     mem_1                                              35  423578.093     17.009   423595.102 
          mem_ext                               mem_ext_1                                          35  423578.093     17.009   423595.102 
        q                                       Queue1_ScratchpadReadResp_1                       271    1043.928    100.417     1144.345 
      spad_mems_2                               ScratchpadBank_2                                  340  424687.340    310.982   424998.322 
        mem                                     mem_2                                              35  423578.093     17.009   423595.102 
          mem_ext                               mem_ext_2                                          35  423578.093     17.009   423595.102 
        q                                       Queue1_ScratchpadReadResp_2                       271    1043.928    100.417     1144.345 
      spad_mems_3                               ScratchpadBank_3                                  340  424687.340    310.982   424998.322 
        mem                                     mem_3                                              35  423578.093     17.009   423595.102 
          mem_ext                               mem_ext_3                                          35  423578.093     17.009   423595.102 
        q                                       Queue1_ScratchpadReadResp_3                       271    1043.928    100.417     1144.345 
      vsm                                       VectorScalarMultiplier                          15548   26965.768  10176.082    37141.850 

chipyard.harness.TestHarness.GemminiINT16RocketConfig-ChipTop        Clock Edge(ps):+    5000            0     
                   Instance                                     Module                   Cell-Count   Cell-Area   Net-Area   Total-Area 
  ----------------------------------------------------------------------------------------------------------------------------------------
  Gemmini                                       NA                                             917213 4014480.400 750800.711  4765281.111 
    ex_controller                               ExecuteController                              560014 1068428.932 476900.678  1545329.610 
      mesh                                      MeshWithDelays                                 548982 1047489.252 469233.221  1516722.474 
        mesh                                    Mesh                                           521639  949380.782 453020.494  1402401.276 
    spad                                        Scratchpad                                     196967 2642382.727 146557.987  2788940.715 
      acc_adders                                AccPipeShared                                    3573    8477.395   2369.612    10847.007 
      acc_mems_0                                AccumulatorMem                                  10724  270345.169   7904.111   278249.281 
      acc_mems_1                                AccumulatorMem_1                                10726  270351.235   7905.109   278256.344 
      acc_scale_unit                            AccumulatorScale                                75269  134034.290  57606.695   191640.985 
      dma_read_pipe                             Queue4_ScratchpadReadResp                        1999    7257.108   1122.141     8379.249 
        ram_ext                                 ram_4x257                                        1965    7197.621   1098.700     8296.321 
      dma_read_pipe_1                           Queue4_ScratchpadReadResp_2                      2009    7271.104   1127.129     8398.233 
        ram_ext                                 ram_4x257_2                                      1975    7212.551   1103.687     8316.238 
      dma_read_pipe_2                           Queue4_ScratchpadReadResp_4                      2007    7269.471   1126.131     8395.603 
        ram_ext                                 ram_4x257_4                                      1973    7210.918   1102.690     8313.608 
      dma_read_pipe_3                           Queue4_ScratchpadReadResp_6                      2002    7257.108   1123.638     8380.745 
        ram_ext                                 ram_4x257_6                                      1968    7198.554   1100.196     8298.750 
      ex_read_pipe                              Queue4_ScratchpadReadResp_1                      1889    7114.107   1067.521     8181.628 
        ram_ext                                 ram_4x257_1                                      1856    7056.487   1044.335     8100.822 
      ex_read_pipe_1                            Queue4_ScratchpadReadResp_3                      1886    7111.774   1066.025     8177.799 
        ram_ext                                 ram_4x257_3                                      1853    7054.154   1042.839     8096.993 
      ex_read_pipe_2                            Queue4_ScratchpadReadResp_5                      1872    7095.444   1059.042     8154.487 
        ram_ext                                 ram_4x257_5                                      1839    7037.824   1035.856     8073.681 
      ex_read_pipe_3                            Queue4_ScratchpadReadResp_7                      1896    7143.733   1072.982     8216.715 
        ram_ext                                 ram_4x257_7                                      1866    7088.213   1049.809     8138.022 
      spad_mems_0                               ScratchpadBank                                    652  434669.421    598.573   435267.994 
        mem                                     mem                                                68  432428.066     33.020   432461.087 
          mem_ext                               mem_ext                                            68  432428.066     33.020   432461.087 
        q                                       Queue1_ScratchpadReadResp                         551    2107.218    269.777     2376.995 
      spad_mems_1                               ScratchpadBank_1                                  652  434669.421    598.573   435267.994 
        mem                                     mem_1                                              68  432428.066     33.020   432461.087 
          mem_ext                               mem_ext_1                                          68  432428.066     33.020   432461.087 
        q                                       Queue1_ScratchpadReadResp_1                       551    2107.218    269.777     2376.995 
      spad_mems_2                               ScratchpadBank_2                                  651  434657.757    598.318   435256.074 
        mem                                     mem_2                                              68  432428.066     33.020   432461.087 
          mem_ext                               mem_ext_2                                          68  432428.066     33.020   432461.087 
        q                                       Queue1_ScratchpadReadResp_2                       551    2107.218    269.777     2376.995 
      spad_mems_3                               ScratchpadBank_3                                  651  434657.757    598.318   435256.074 
        mem                                     mem_3                                              68  432428.066     33.020   432461.087 
          mem_ext                               mem_ext_3                                          68  432428.066     33.020   432461.087 
        q                                       Queue1_ScratchpadReadResp_3                       551    2107.218    269.777     2376.995 
      vsm                                       VectorScalarMultiplier                          19982   39064.136  14343.268    53407.404
      vsm_1                                     VectorScalarMultiplier_1                          695    3649.666     47.024     3696.690 
      vsm_in_q                                  Queue2_VectorScalarMultiplierReq                 1254    5126.095    558.187     5684.282 
        ram_ext                                 ram_2x400                                        1149    5027.417    546.063     5573.480 
      vsm_in_q_1                                Queue2_VectorScalarMultiplierReq_1               1940    8463.632    925.656     9389.288 
        ram_ext                                 ram_2x624                                        1873    8390.615    913.533     9304.148 

chipyard.harness.TestHarness.GemminiINT4Acc32RocketConfig-ChipTop        Clock Edge(ps):+    2800            0     
  Gemmini                                       NA                                             537423 3198159.612 404505.759  3602665.371 
    ex_controller                               ExecuteController                              160338  305116.010 123669.436   428785.445 
      mesh                                      MeshWithDelays                                 150920  286964.027 117278.517   404242.544 
        mesh                                    Mesh                                           142093  256499.525 112126.553   368626.077 
    spad                                        Scratchpad                                     212962 2583563.157 151631.084  2735194.241 
      acc_adders                                AccPipeShared                                    3605    8530.350   2385.572    10915.922 
        m                                       AccPipe                                           156     389.344     69.379      458.723 
        m_1                                     AccPipe_1                                         156     389.344     69.379      458.723 
        m_10                                    AccPipe_10                                        156     389.344     69.379      458.723 
        m_11                                    AccPipe_11                                        156     389.344     69.379      458.723 
        m_12                                    AccPipe_12                                        156     389.344     69.379      458.723 
        m_13                                    AccPipe_13                                        156     389.344     69.379      458.723 
        m_14                                    AccPipe_14                                        156     389.344     69.379      458.723 
        m_15                                    AccPipe_15                                        156     389.344     69.379      458.723 
        m_2                                     AccPipe_2                                         156     389.344     69.379      458.723 
        m_3                                     AccPipe_3                                         156     389.344     69.379      458.723 
        m_4                                     AccPipe_4                                         156     389.344     69.379      458.723 
        m_5                                     AccPipe_5                                         156     389.344     69.379      458.723 
        m_6                                     AccPipe_6                                         156     389.344     69.379      458.723 
        m_7                                     AccPipe_7                                         156     389.344     69.379      458.723 
        m_8                                     AccPipe_8                                         156     389.344     69.379      458.723 
        m_9                                     AccPipe_9                                         156     389.344     69.379      458.723 
      acc_mems_0                                AccumulatorMem                                  10785  270397.891   7938.180   278336.071 
        mem                                     TwoPortSyncMem                                   7408  257188.877   5984.507   263173.384 
          mem                                   mem_0                                            7407  257188.177   5984.507   263172.684 
            mem_0_ext                           mem_0_ext                                        7406  257187.478   5984.507   263171.985 
        q                                       Queue1_AccumulatorReadResp                       1271    4538.462    560.834     5099.297 
      acc_mems_1                                AccumulatorMem_1                                10793  270403.956   7942.170   278346.126 
        mem                                     TwoPortSyncMem_1                                 7415  257194.476   5987.998   263182.474 
          mem                                   mem_0_1                                          7414  257193.776   5987.998   263181.775 
            mem_0_ext                           mem_0_ext_1                                      7413  257193.076   5987.998   263181.075 
        q                                       Queue1_AccumulatorReadResp_1                     1272    4538.929    561.333     5100.262 
      acc_scale_unit                            AccumulatorScale                               107266  166470.008  77218.152   243688.159 
        activated_data_e_scaled_in_to_rec_fn    INToRecFN_i32_e8_s24                              693    1004.270    498.643     1502.913 
          roundAnyRawFNToRecFN                  RoundAnyRawFNToRecFN_ie6_is32_oe8_os24            188     280.869    102.578      383.447 
        activated_data_e_scaled_in_to_rec_fn_1  INToRecFN_i32_e8_s24_1                            689    1001.471    496.405     1497.876 
          roundAnyRawFNToRecFN                  RoundAnyRawFNToRecFN_ie6_is32_oe8_os24_1          191     284.368    104.074      388.442 
        activated_data_e_scaled_in_to_rec_fn_10 INToRecFN_i32_e8_s24_10                           742    1061.657    531.343     1593.001 
          roundAnyRawFNToRecFN                  RoundAnyRawFNToRecFN_ie6_is32_oe8_os24_10         198     294.399    109.023      403.423 
        activated_data_e_scaled_in_to_rec_fn_11 INToRecFN_i32_e8_s24_11                           790    1121.377    560.872     1682.249 
          roundAnyRawFNToRecFN                  RoundAnyRawFNToRecFN_ie6_is32_oe8_os24_11         201     296.499    109.062      405.561 
        activated_data_e_scaled_in_to_rec_fn_12 INToRecFN_i32_e8_s24_12                           757    1077.987    540.769     1618.756 
          roundAnyRawFNToRecFN                  RoundAnyRawFNToRecFN_ie6_is32_oe8_os24_12         190     279.236    104.790      384.026 
        activated_data_e_scaled_in_to_rec_fn_13 INToRecFN_i32_e8_s24_13                           714     999.372    515.677     1515.049 
          roundAnyRawFNToRecFN                  RoundAnyRawFNToRecFN_ie6_is32_oe8_os24_13         194     287.634    105.813      393.448 
        activated_data_e_scaled_in_to_rec_fn_14 INToRecFN_i32_e8_s24_14                           729    1055.359    522.430     1577.788 
          roundAnyRawFNToRecFN                  RoundAnyRawFNToRecFN_ie6_is32_oe8_os24_14         192     287.168    104.330      391.498 
        activated_data_e_scaled_in_to_rec_fn_15 INToRecFN_i32_e8_s24_15                           799    1122.777    559.044     1681.820 
          roundAnyRawFNToRecFN                  RoundAnyRawFNToRecFN_ie6_is32_oe8_os24_15         195     292.067    107.041      399.108 
        activated_data_e_scaled_in_to_rec_fn_2  INToRecFN_i32_e8_s24_2                            712    1011.502    506.418     1517.920 
          roundAnyRawFNToRecFN                  RoundAnyRawFNToRecFN_ie6_is32_oe8_os24_2          189     282.735    102.834      385.569 
        activated_data_e_scaled_in_to_rec_fn_3  INToRecFN_i32_e8_s24_3                            679     989.340    492.875     1482.216 
          roundAnyRawFNToRecFN                  RoundAnyRawFNToRecFN_ie6_is32_oe8_os24_3          184     276.670    100.340      377.010 
        activated_data_e_scaled_in_to_rec_fn_4  INToRecFN_i32_e8_s24_4                            689     968.812    496.162     1464.974 
          roundAnyRawFNToRecFN                  RoundAnyRawFNToRecFN_ie6_is32_oe8_os24_4          194     286.235    105.084      391.319 
        activated_data_e_scaled_in_to_rec_fn_5  INToRecFN_i32_e8_s24_5                            745    1017.567    533.083     1550.650 
          roundAnyRawFNToRecFN                  RoundAnyRawFNToRecFN_ie6_is32_oe8_os24_5          190     283.435    103.089      386.525 
        activated_data_e_scaled_in_to_rec_fn_6  INToRecFN_i32_e8_s24_6                            676     987.708    490.164     1477.871 
          roundAnyRawFNToRecFN                  RoundAnyRawFNToRecFN_ie6_is32_oe8_os24_6          182     272.471     99.828      372.299 
        activated_data_e_scaled_in_to_rec_fn_7  INToRecFN_i32_e8_s24_7                            785    1121.377    559.363     1680.740 
          roundAnyRawFNToRecFN                  RoundAnyRawFNToRecFN_ie6_is32_oe8_os24_7          188     278.303    105.494      383.797 
        activated_data_e_scaled_in_to_rec_fn_8  INToRecFN_i32_e8_s24_8                            816    1147.971    573.367     1721.338 
          roundAnyRawFNToRecFN                  RoundAnyRawFNToRecFN_ie6_is32_oe8_os24_8          188     280.636    104.765      385.401 
        activated_data_e_scaled_in_to_rec_fn_9  INToRecFN_i32_e8_s24_9                            723    1016.168    519.923     1536.091 
          roundAnyRawFNToRecFN                  RoundAnyRawFNToRecFN_ie6_is32_oe8_os24_9          192     284.135    104.816      388.951 
        activated_data_e_scaled_muladder        MulAddRecFN_e8_s24_19                            4795    6477.019   3355.579     9832.599 
          mulAddRecFNToRaw_postMul              MulAddRecFNToRaw_postMul_e8_s24_19               1071    1342.060    760.337     2102.397 
          mulAddRecFNToRaw_preMul               MulAddRecFNToRaw_preMul_e8_s24_19                 199     170.761     35.373      206.134 
          roundRawFNToRecFN                     RoundRawFNToRecFN_e8_s24                          651     824.412    422.985     1247.397 
            roundAnyRawFNToRecFN                RoundAnyRawFNToRecFN_ie8_is26_oe8_os24            642     818.113    422.985     1241.098 
        activated_data_e_scaled_muladder_1      MulAddRecFN_e8_s24_5                             4789    6450.659   3356.475     9807.133 
          mulAddRecFNToRaw_postMul              MulAddRecFNToRaw_postMul_e8_s24_5                1035    1319.432    743.597     2063.029 
          mulAddRecFNToRaw_preMul               MulAddRecFNToRaw_preMul_e8_s24_5                  199     170.761     35.373      206.134 
          roundRawFNToRecFN                     RoundRawFNToRecFN_e8_s24_5                        662     833.976    428.471     1262.447 
            roundAnyRawFNToRecFN                RoundAnyRawFNToRecFN_ie8_is26_oe8_os24_5          653     827.677    428.471     1256.149 
        activated_data_e_scaled_muladder_10     MulAddRecFN_e8_s24_14                            4960    6774.684   3449.295    10223.979 
          mulAddRecFNToRaw_postMul              MulAddRecFNToRaw_postMul_e8_s24_14               1151    1540.115    800.238     2340.352 
          mulAddRecFNToRaw_preMul               MulAddRecFNToRaw_preMul_e8_s24_14                 199     171.228     35.373      206.601 
          roundRawFNToRecFN                     RoundRawFNToRecFN_e8_s24_14                       668     833.509    443.370     1276.880 
            roundAnyRawFNToRecFN                RoundAnyRawFNToRecFN_ie8_is26_oe8_os24_14         659     827.211    443.370     1270.581 
        activated_data_e_scaled_muladder_11     MulAddRecFN_e8_s24_15                            4982    6777.717   3460.024    10237.742 
          mulAddRecFNToRaw_postMul              MulAddRecFNToRaw_postMul_e8_s24_15               1158    1528.451    802.514     2330.965 
          mulAddRecFNToRaw_preMul               MulAddRecFNToRaw_preMul_e8_s24_15                 200     172.161     35.872      208.033 
          roundRawFNToRecFN                     RoundRawFNToRecFN_e8_s24_15                       688     850.772    451.402     1302.174 
            roundAnyRawFNToRecFN                RoundAnyRawFNToRecFN_ie8_is26_oe8_os24_15         679     844.474    451.402     1295.875 
        activated_data_e_scaled_muladder_12     MulAddRecFN_e8_s24_16                            4796    6562.633   3353.162     9915.795 
          mulAddRecFNToRaw_postMul              MulAddRecFNToRaw_postMul_e8_s24_16               1035    1333.895    731.691     2065.586 
          mulAddRecFNToRaw_preMul               MulAddRecFNToRaw_preMul_e8_s24_16                 200     171.694     35.872      207.566 
          roundRawFNToRecFN                     RoundRawFNToRecFN_e8_s24_16                       647     802.950    423.420     1226.370 
            roundAnyRawFNToRecFN                RoundAnyRawFNToRecFN_ie8_is26_oe8_os24_16         638     796.651    423.420     1220.071 
        activated_data_e_scaled_muladder_13     MulAddRecFN_e8_s24_17                            4682    6377.409   3277.594     9655.003 
          mulAddRecFNToRaw_postMul              MulAddRecFNToRaw_postMul_e8_s24_17                981    1266.944    708.160     1975.103 
          mulAddRecFNToRaw_preMul               MulAddRecFNToRaw_preMul_e8_s24_17                 200     171.694     35.872      207.566 
          roundRawFNToRecFN                     RoundRawFNToRecFN_e8_s24_17                       703     841.208    452.322     1293.530 
            roundAnyRawFNToRecFN                RoundAnyRawFNToRecFN_ie8_is26_oe8_os24_17         694     834.909    452.322     1287.231 
        activated_data_e_scaled_muladder_14     MulAddRecFN_e8_s24_18                            4880    6702.834   3413.282    10116.116 
          mulAddRecFNToRaw_postMul              MulAddRecFNToRaw_postMul_e8_s24_18               1107    1498.357    777.321     2275.678 
          mulAddRecFNToRaw_preMul               MulAddRecFNToRaw_preMul_e8_s24_18                 199     171.228     35.373      206.601 
          roundRawFNToRecFN                     RoundRawFNToRecFN_e8_s24_18                       683     850.072    447.936     1298.008 
            roundAnyRawFNToRecFN                RoundAnyRawFNToRecFN_ie8_is26_oe8_os24_18         674     843.774    447.936     1291.710 
        activated_data_e_scaled_muladder_15     MulAddRecFN_e8_s24_4                             4907    6599.025   3406.338    10005.362 
          mulAddRecFNToRaw_postMul              MulAddRecFNToRaw_postMul_e8_s24_4                1112    1372.620    764.992     2137.612 
          mulAddRecFNToRaw_preMul               MulAddRecFNToRaw_preMul_e8_s24_4                  199     170.294     35.130      205.425 
          roundRawFNToRecFN                     RoundRawFNToRecFN_e8_s24_4                        672     837.942    442.206     1280.148 
            roundAnyRawFNToRecFN                RoundAnyRawFNToRecFN_ie8_is26_oe8_os24_4          663     831.643    442.206     1273.850 
        activated_data_e_scaled_muladder_2      MulAddRecFN_e8_s24_6                             4790    6473.053   3358.431     9831.485 
          mulAddRecFNToRaw_postMul              MulAddRecFNToRaw_postMul_e8_s24_6                1091    1363.988    771.284     2135.273 
          mulAddRecFNToRaw_preMul               MulAddRecFNToRaw_preMul_e8_s24_6                  199     172.161     35.373      207.534 
          roundRawFNToRecFN                     RoundRawFNToRecFN_e8_s24_6                        671     836.309    434.175     1270.484 
            roundAnyRawFNToRecFN                RoundAnyRawFNToRecFN_ie8_is26_oe8_os24_6          662     830.010    434.175     1264.185 
        activated_data_e_scaled_muladder_3      MulAddRecFN_e8_s24_7                             4697    6408.668   3308.645     9717.313 
          mulAddRecFNToRaw_postMul              MulAddRecFNToRaw_postMul_e8_s24_7                1036    1329.463    743.124     2072.586 
          mulAddRecFNToRaw_preMul               MulAddRecFNToRaw_preMul_e8_s24_7                  199     170.761     35.373      206.134 
          roundRawFNToRecFN                     RoundRawFNToRecFN_e8_s24_7                        640     822.779    417.985     1240.763 
            roundAnyRawFNToRecFN                RoundAnyRawFNToRecFN_ie8_is26_oe8_os24_7          631     816.480    417.985     1234.465 
        activated_data_e_scaled_muladder_4      MulAddRecFN_e8_s24_8                             4774    6446.926   3324.695     9771.621 
          mulAddRecFNToRaw_postMul              MulAddRecFNToRaw_postMul_e8_s24_8                1007    1285.373    721.127     2006.500 
          mulAddRecFNToRaw_preMul               MulAddRecFNToRaw_preMul_e8_s24_8                  199     170.761     35.373      206.134 
          roundRawFNToRecFN                     RoundRawFNToRecFN_e8_s24_8                        706     839.341    455.276     1294.618 
            roundAnyRawFNToRecFN                RoundAnyRawFNToRecFN_ie8_is26_oe8_os24_8          697     833.043    455.276     1288.319 
        activated_data_e_scaled_muladder_5      MulAddRecFN_e8_s24_9                             4700    6384.874   3306.983     9691.856 
          mulAddRecFNToRaw_postMul              MulAddRecFNToRaw_postMul_e8_s24_9                1049    1351.624    750.580     2102.204 
          mulAddRecFNToRaw_preMul               MulAddRecFNToRaw_preMul_e8_s24_9                  200     172.161     35.872      208.033 
          roundRawFNToRecFN                     RoundRawFNToRecFN_e8_s24_9                        689     828.611    445.583     1274.193 
            roundAnyRawFNToRecFN                RoundAnyRawFNToRecFN_ie8_is26_oe8_os24_9          680     822.312    445.583     1267.895 
        activated_data_e_scaled_muladder_6      MulAddRecFN_e8_s24_10                            4837    6507.346   3389.162     9896.508 
          mulAddRecFNToRaw_postMul              MulAddRecFNToRaw_postMul_e8_s24_10               1078    1351.391    764.801     2116.192 
          mulAddRecFNToRaw_preMul               MulAddRecFNToRaw_preMul_e8_s24_10                 199     170.761     35.373      206.134 
          roundRawFNToRecFN                     RoundRawFNToRecFN_e8_s24_10                       654     825.811    425.696     1251.507 
            roundAnyRawFNToRecFN                RoundAnyRawFNToRecFN_ie8_is26_oe8_os24_10         645     819.513    425.696     1245.209 
        activated_data_e_scaled_muladder_7      MulAddRecFN_e8_s24_11                            4695    6498.248   3315.909     9814.157 
          mulAddRecFNToRaw_postMul              MulAddRecFNToRaw_postMul_e8_s24_11                980    1271.376    705.960     1977.336 
          mulAddRecFNToRaw_preMul               MulAddRecFNToRaw_preMul_e8_s24_11                 200     171.694     35.629      207.323 
          roundRawFNToRecFN                     RoundRawFNToRecFN_e8_s24_11                       622     788.253    410.222     1198.475 
            roundAnyRawFNToRecFN                RoundAnyRawFNToRecFN_ie8_is26_oe8_os24_11         613     781.955    410.222     1192.177 
        activated_data_e_scaled_muladder_8      MulAddRecFN_e8_s24_12                            4748    6533.006   3336.269     9869.275 
          mulAddRecFNToRaw_postMul              MulAddRecFNToRaw_postMul_e8_s24_12                987    1277.208    710.180     1987.388 
          mulAddRecFNToRaw_preMul               MulAddRecFNToRaw_preMul_e8_s24_12                 200     171.694     35.629      207.323 
          roundRawFNToRecFN                     RoundRawFNToRecFN_e8_s24_12                       649     802.483    424.417     1226.901 
            roundAnyRawFNToRecFN                RoundAnyRawFNToRecFN_ie8_is26_oe8_os24_12         640     796.185    424.417     1220.602 
        activated_data_e_scaled_muladder_9      MulAddRecFN_e8_s24_13                            4729    6394.671   3319.260     9713.931 
          mulAddRecFNToRaw_postMul              MulAddRecFNToRaw_postMul_e8_s24_13               1032    1314.066    729.222     2043.289 
          mulAddRecFNToRaw_preMul               MulAddRecFNToRaw_preMul_e8_s24_13                 199     170.294     35.130      205.425 
          roundRawFNToRecFN                     RoundRawFNToRecFN_e8_s24_13                       651     797.818    429.546     1227.363 
            roundAnyRawFNToRecFN                RoundAnyRawFNToRecFN_ie8_is26_oe8_os24_13         642     791.519    429.546     1221.065 
        activated_data_e_scaled_rec_fn_to_in    RecFNToIN_e8_s24_i32                              688     952.016    485.330     1437.346 
        activated_data_e_scaled_rec_fn_to_in_1  RecFNToIN_e8_s24_i32_1                            696     960.180    489.320     1449.500 
        activated_data_e_scaled_rec_fn_to_in_10 RecFNToIN_e8_s24_i32_10                           647     873.867    449.816     1323.683 
        activated_data_e_scaled_rec_fn_to_in_11 RecFNToIN_e8_s24_i32_11                           643     865.002    446.849     1311.851 
        activated_data_e_scaled_rec_fn_to_in_12 RecFNToIN_e8_s24_i32_12                           685     844.940    478.731     1323.671 
        activated_data_e_scaled_rec_fn_to_in_13 RecFNToIN_e8_s24_i32_13                           663     901.394    471.646     1373.040 
        activated_data_e_scaled_rec_fn_to_in_14 RecFNToIN_e8_s24_i32_14                           646     868.735    449.560     1318.295 
        activated_data_e_scaled_rec_fn_to_in_15 RecFNToIN_e8_s24_i32_15                           592     801.317    422.627     1223.944 
        activated_data_e_scaled_rec_fn_to_in_2  RecFNToIN_e8_s24_i32_2                            708     970.445    495.305     1465.750 
        activated_data_e_scaled_rec_fn_to_in_3  RecFNToIN_e8_s24_i32_3                            704     980.243    493.067     1473.310 
        activated_data_e_scaled_rec_fn_to_in_4  RecFNToIN_e8_s24_i32_4                            699     932.653    494.947     1427.600 
        activated_data_e_scaled_rec_fn_to_in_5  RecFNToIN_e8_s24_i32_5                            729     952.716    511.125     1463.840 
        activated_data_e_scaled_rec_fn_to_in_6  RecFNToIN_e8_s24_i32_6                            709     972.778    495.804     1468.581 
        activated_data_e_scaled_rec_fn_to_in_7  RecFNToIN_e8_s24_i32_7                            658     851.005    469.638     1320.644 
        activated_data_e_scaled_rec_fn_to_in_8  RecFNToIN_e8_s24_i32_8                            706     895.095    493.336     1388.431 
        activated_data_e_scaled_rec_fn_to_in_9  RecFNToIN_e8_s24_i32_9                            688     883.898    466.863     1350.761 
        pipe_out_p                              Pipeline_1                                       5176   27432.328   2071.892    29504.220 
      buffer                                    TLBuffer_a32d128s4k4z4u                          1083    4647.871    515.345     5163.216 
        nodeIn_d_q                              Queue2_TLBundleD_a32d128s4k4z4u                   469    1957.686    217.369     2175.055 
          ram_ext                               ram_2x147                                         429    1906.597    172.698     2079.296 
        nodeOut_a_q                             Queue2_TLBundleA_a32d128s4k4z4u                   602    2681.787    297.976     2979.763 
          ram_ext                               ram_2x191                                         581    2643.062    239.685     2882.748 
      buffer_1                                  TLBuffer_a32d128s4k4z4u_1                        1209    3228.362    323.719     3552.081 
        nodeIn_d_q                              Queue2_TLBundleD_a32d128s4k4z4u_1                 468     451.397     25.501      476.897 
          ram_ext                               ram_2x147_1                                       171     220.916     12.674      233.590 
        nodeOut_a_q                             Queue2_TLBundleA_a32d128s4k4z4u_1                 602    2679.687    298.219     2977.906 
          ram_ext                               ram_2x191_1                                       581    2643.062    239.685     2882.748 
      buffer_2                                  TLBuffer_a32d128s5k4z4u                          1097    4678.664    518.798     5197.461 
        nodeIn_d_q                              Queue2_TLBundleD_a32d128s5k4z4u                   473    1970.516    219.837     2190.353 
          ram_ext                               ram_2x148                                         432    1920.361    173.939     2094.300 
        nodeOut_a_q                             Queue2_TLBundleA_a32d128s5k4z4u                   604    2694.151    298.961     2993.111 
          ram_ext                               ram_2x192                                         584    2657.059    240.926     2897.985 
      dma_read_pipe                             Queue4_ScratchpadReadResp                         953    3561.952    540.116     4102.069 
        ram_ext                                 ram_4x129                                         917    3501.300    515.434     4016.734 
      dma_read_pipe_1                           Queue4_ScratchpadReadResp_2                       955    3563.352    541.114     4104.466 
        ram_ext                                 ram_4x129_2                                       919    3502.699    515.946     4018.645 
      dma_read_pipe_2                           Queue4_ScratchpadReadResp_4                       955    3563.352    541.114     4104.466 
        ram_ext                                 ram_4x129_4                                       919    3502.699    515.946     4018.645 
      dma_read_pipe_3                           Queue4_ScratchpadReadResp_6                       955    3563.352    541.114     4104.466 
        ram_ext                                 ram_4x129_6                                       919    3502.699    515.946     4018.645 
      ex_read_pipe                              Queue4_ScratchpadReadResp_1                       694    1959.085    284.893     2243.979 
        ram_ext                                 ram_4x129_1                                       533    1810.953    261.221     2072.174 
      ex_read_pipe_1                            Queue4_ScratchpadReadResp_3                       698    1983.580    288.858     2272.437 
        ram_ext                                 ram_4x129_3                                       539    1836.847    265.672     2102.518 
      ex_read_pipe_2                            Queue4_ScratchpadReadResp_5                       694    1959.085    284.893     2243.979 
        ram_ext                                 ram_4x129_5                                       533    1810.953    261.221     2072.174 
      ex_read_pipe_3                            Queue4_ScratchpadReadResp_7                       701    1985.679    289.868     2275.547 
        ram_ext                                 ram_4x129_7                                       542    1838.946    267.168     2106.114 
      mvin_scale_pixel_repeater                 PixelRepeater_1                                   915    2000.376    745.873     2746.249 
      norm_unit_passthru_q                      Queue2_NormalizedInput                           3576    7521.414   1906.394     9427.807 
        ram_ext                                 ram_2x550                                        3551    7480.590   1892.812     9373.402 
      read_issue_q                              Queue5_ScratchpadMemReadRequest                  1459    3976.024    738.021     4714.045 
        ram_ext                                 ram_5x258                                        1141    3700.521    675.548     4376.069 
      reader                                    StreamReader                                    17147   32328.876  13932.982    46261.858 
        beatPacker                              BeatMerger                                      11069   17099.191  10788.262    27887.453 
        core                                    StreamReaderCore                                 2564    5203.544    766.386     5969.930 
          tlb_arb                               Arbiter2_TLBundleAWithInfo                        338     407.540     15.078      422.618 
          tlb_q                                 Queue1_TLBundleAWithInfo                          343    1274.875      2.993     1277.868 
          translate_q                           Queue1_TLBundleAWithInfo_1                        343    1274.875      2.993     1277.868 
        xactTracker                             XactTracker                                      3030    9379.722   2233.719    11613.442 
      spad_mems_0                               ScratchpadBank                                    341  424687.340    311.481   424998.821 
        mem                                     mem                                                35  423578.093     17.009   423595.102 
          mem_ext                               mem_ext                                            35  423578.093     17.009   423595.102 
        q                                       Queue1_ScratchpadReadResp                         271    1043.928    100.417     1144.345 
      spad_mems_1                               ScratchpadBank_1                                  341  424687.340    311.481   424998.821 
        mem                                     mem_1                                              35  423578.093     17.009   423595.102 
          mem_ext                               mem_ext_1                                          35  423578.093     17.009   423595.102 
        q                                       Queue1_ScratchpadReadResp_1                       271    1043.928    100.417     1144.345 
      spad_mems_2                               ScratchpadBank_2                                  341  424687.340    311.481   424998.821 
        mem                                     mem_2                                              35  423578.093     17.009   423595.102 
          mem_ext                               mem_ext_2                                          35  423578.093     17.009   423595.102 
        q                                       Queue1_ScratchpadReadResp_2                       271    1043.928    100.417     1144.345 
      spad_mems_3                               ScratchpadBank_3                                  341  424687.340    311.481   424998.821 
        mem                                     mem_3                                              35  423578.093     17.009   423595.102 
          mem_ext                               mem_ext_3                                          35  423578.093     17.009   423595.102 
        q                                       Queue1_ScratchpadReadResp_3                       271    1043.928    100.417     1144.345 
      vsm                                       VectorScalarMultiplier                          16714   28357.517  10974.657    39332.174 
        arb                                     RRArbiter                                         230     341.522    144.077      485.599 
        arb_1                                   RRArbiter_1                                       230     341.522    144.077      485.599 
        arb_2                                   RRArbiter_2                                       230     341.522    144.077      485.599 
        arb_3                                   RRArbiter_3                                       230     341.522    144.077      485.599 
        pipe                                    ScalePipe                                        2913    3871.515   1973.291     5844.806 
          out_bits_data_in_to_rec_fn            INToRecFN_i8_e8_s24                               129     134.603     47.408      182.010 
            roundAnyRawFNToRecFN                RoundAnyRawFNToRecFN_ie4_is8_oe8_os24              36      34.992      2.225       37.217 
          out_bits_data_muladder                MulAddRecFN_e8_s24                               2227    2830.620   1443.968     4274.588 
            mulAddRecFNToRaw_postMul            MulAddRecFNToRaw_postMul_e8_s24                   476     602.562    342.084      944.646 
            mulAddRecFNToRaw_preMul             MulAddRecFNToRaw_preMul_e8_s24                    189     157.231     27.956      185.187 
            roundRawFNToRecFN                   RoundRawFNToRecFN_e8_s24_19                       548     664.381    370.884     1035.266 
              roundAnyRawFNToRecFN              RoundAnyRawFNToRecFN_ie8_is26_oe8_os24_19         539     658.083    370.884     1028.967 
          out_bits_data_rec_fn_to_in            RecFNToIN_e8_s24_i8                               136     174.493     92.232      266.725 
        pipe_1                                  ScalePipe_1                                      2913    3871.515   1973.291     5844.806 
          out_bits_data_in_to_rec_fn            INToRecFN_i8_e8_s24_1                             129     134.603     47.408      182.010 
            roundAnyRawFNToRecFN                RoundAnyRawFNToRecFN_ie4_is8_oe8_os24_1            36      34.992      2.225       37.217 
          out_bits_data_muladder                MulAddRecFN_e8_s24_1                             2227    2830.620   1443.968     4274.588 
            mulAddRecFNToRaw_postMul            MulAddRecFNToRaw_postMul_e8_s24_1                 476     602.562    342.084      944.646 
            mulAddRecFNToRaw_preMul             MulAddRecFNToRaw_preMul_e8_s24_1                  189     157.231     27.956      185.187 
            roundRawFNToRecFN                   RoundRawFNToRecFN_e8_s24_1                        548     664.381    370.884     1035.266 
              roundAnyRawFNToRecFN              RoundAnyRawFNToRecFN_ie8_is26_oe8_os24_1          539     658.083    370.884     1028.967 
          out_bits_data_rec_fn_to_in            RecFNToIN_e8_s24_i8_1                             136     174.493     92.232      266.725 
        pipe_2                                  ScalePipe_2                                      2913    3871.515   1973.291     5844.806 
          out_bits_data_in_to_rec_fn            INToRecFN_i8_e8_s24_2                             129     134.603     47.408      182.010 
            roundAnyRawFNToRecFN                RoundAnyRawFNToRecFN_ie4_is8_oe8_os24_2            36      34.992      2.225       37.217 
          out_bits_data_muladder                MulAddRecFN_e8_s24_2                             2227    2830.620   1443.968     4274.588 
            mulAddRecFNToRaw_postMul            MulAddRecFNToRaw_postMul_e8_s24_2                 476     602.562    342.084      944.646 
            mulAddRecFNToRaw_preMul             MulAddRecFNToRaw_preMul_e8_s24_2                  189     157.231     27.956      185.187 
            roundRawFNToRecFN                   RoundRawFNToRecFN_e8_s24_2                        548     664.381    370.884     1035.266 
              roundAnyRawFNToRecFN              RoundAnyRawFNToRecFN_ie8_is26_oe8_os24_2          539     658.083    370.884     1028.967 
          out_bits_data_rec_fn_to_in            RecFNToIN_e8_s24_i8_2                             136     174.493     92.232      266.725 
        pipe_3                                  ScalePipe_3                                      2913    3871.515   1973.291     5844.806 
          out_bits_data_in_to_rec_fn            INToRecFN_i8_e8_s24_3                             129     134.603     47.408      182.010 
            roundAnyRawFNToRecFN                RoundAnyRawFNToRecFN_ie4_is8_oe8_os24_3            36      34.992      2.225       37.217 
          out_bits_data_muladder                MulAddRecFN_e8_s24_3                             2227    2830.620   1443.968     4274.588 
            mulAddRecFNToRaw_postMul            MulAddRecFNToRaw_postMul_e8_s24_3                 476     602.562    342.084      944.646 
            mulAddRecFNToRaw_preMul             MulAddRecFNToRaw_preMul_e8_s24_3                  189     157.231     27.956      185.187 
            roundRawFNToRecFN                   RoundRawFNToRecFN_e8_s24_3                        548     664.381    370.884     1035.266 
              roundAnyRawFNToRecFN              RoundAnyRawFNToRecFN_ie8_is26_oe8_os24_3          539     658.083    370.884     1028.967 
          out_bits_data_rec_fn_to_in            RecFNToIN_e8_s24_i8_3                             136     174.493     92.232      266.725 
      vsm_1                                     VectorScalarMultiplier_1                          708    3644.767     53.009     3697.776 
      vsm_in_q                                  Queue2_VectorScalarMultiplierReq                  826    3146.481    347.033     3493.514 
        ram_ext                                 ram_2x257                                         719    3048.036    333.426     3381.463 
      vsm_in_q_1                                Queue2_VectorScalarMultiplierReq_1               1939    8467.364    923.661     9391.026 
        ram_ext                                 ram_2x625                                        1870    8392.948    911.538     9304.486 
      write_dispatch_q_q                        Queue2_ScratchpadMemWriteRequest                 1178    2127.280    176.330     2303.610 
        ram_ext                                 ram_2x383                                         611    1708.543    165.447     1873.990 
      write_issue_q                             Queue5_ScratchpadMemWriteRequest                 1057    2528.055    486.660     3014.715 
        ram_ext                                 ram_5x190                                         779    2281.712    447.028     2728.739 
      write_norm_q                              Queue6_ScratchpadMemWriteRequest                 1840    3340.803    626.785     3967.588 
        ram_ext                                 ram_6x383                                        1176    2828.287    590.555     3418.842 
      write_scale_q                             Queue6_ScratchpadMemWriteRequest_1               1833    3345.235    622.079     3967.314 
        ram_ext                                 ram_6x383_1                                      1170    2832.952    587.562     3420.515 
      writer                                    StreamWriter                                     9020   19408.196   6553.564    25961.760 
        shadow_retry_a                          Queue1_TLBundleAWithInfo_2                        347    1284.440      4.975     1289.414 
        tlb_arb                                 Arbiter3_TLBundleAWithInfo                        364     710.571    155.817      866.388 
        tlb_q                                   Queue1_TLBundleAWithInfo_3                        348    1285.373      4.975     1290.348 
        translate_q                             Queue1_TLBundleAWithInfo_3_1                      348    1285.373      4.975     1290.348 
      xbar                                      TLXbar_i2_o1_a32d128s5k4z4u                       602     779.855    123.615      903.470 
      zero_writer                               ZeroWriter                                        254     541.909    136.020      677.930 
      zero_writer_pixel_repeater                PixelRepeater                                     287     582.733    190.231      772.965 

chipyard.harness.TestHarness.GemminiINT4Acc16RocketConfig-ChipTop        Clock Edge(ps):+    2500            0     
  Gemmini                                       NA                                             485464 3104309.902 369488.246  3473798.147 
    ex_controller                               ExecuteController                              156097  300714.016 123240.184   423954.201 
      mesh                                      MeshWithDelays                                 147207  282874.395 116916.010   399790.405 
        mesh                                    Mesh                                           138453  252546.828 111801.427   364348.255 
    spad                                        Scratchpad                                     165129 2493578.196 116319.240  2609897.436 
      acc_adders                                AccPipeShared                                    2213    4081.933   1500.430     5582.364 
        m                                       AccPipe                                           102     180.092     52.856      232.948 
        m_1                                     AccPipe_1                                         102     180.092     52.856      232.948 
        m_10                                    AccPipe_10                                        102     180.092     52.856      232.948 
        m_11                                    AccPipe_11                                        102     180.092     52.856      232.948 
        m_12                                    AccPipe_12                                        102     180.092     52.856      232.948 
        m_13                                    AccPipe_13                                        102     180.092     52.856      232.948 
        m_14                                    AccPipe_14                                        102     180.092     52.856      232.948 
        m_15                                    AccPipe_15                                        102     180.092     52.856      232.948 
        m_2                                     AccPipe_2                                         102     180.092     52.856      232.948 
        m_3                                     AccPipe_3                                         102     180.092     52.856      232.948 
        m_4                                     AccPipe_4                                         102     180.092     52.856      232.948 
        m_5                                     AccPipe_5                                         102     180.092     52.856      232.948 
        m_6                                     AccPipe_6                                         102     180.092     52.856      232.948 
        m_7                                     AccPipe_7                                         102     180.092     52.856      232.948 
        m_8                                     AccPipe_8                                         102     180.092     52.856      232.948 
        m_9                                     AccPipe_9                                         102     180.092     52.856      232.948 
      acc_mems_0                                AccumulatorMem                                   9555  264967.832   7629.526   272597.358 
        mem                                     TwoPortSyncMem                                   7245  257372.002   6038.897   263410.899 
          mem                                   mem_0                                            7244  257371.302   6038.897   263410.199 
            mem_0_ext                           mem_0_ext                                        7243  257370.602   6038.897   263409.500 
        q                                       Queue1_AccumulatorReadResp                        683    2429.145    302.516     2731.661 
      acc_mems_1                                AccumulatorMem_1                                 9532  264907.646   7618.540   272526.186 
        mem                                     TwoPortSyncMem_1                                 7227  257350.540   6029.920   263380.460 
          mem                                   mem_0_1                                          7226  257349.841   6029.920   263379.760 
            mem_0_ext                           mem_0_ext_1                                      7225  257349.141   6029.920   263379.060 
        q                                       Queue1_AccumulatorReadResp_1                      672    2398.352    297.516     2695.867 
      acc_scale_unit                            AccumulatorScale                                72099  108418.980  50517.695   158936.675 
        activated_data_e_scaled_in_to_rec_fn    INToRecFN_i16_e8_s24                              275     354.119    159.679      513.798 
          roundAnyRawFNToRecFN                  RoundAnyRawFNToRecFN_ie5_is16_oe8_os24             36      50.855      4.169       55.024 
        activated_data_e_scaled_in_to_rec_fn_1  INToRecFN_i16_e8_s24_1                            255     331.024    141.929      472.953 
          roundAnyRawFNToRecFN                  RoundAnyRawFNToRecFN_ie5_is16_oe8_os24_1           38      50.855      4.681       55.536 
        activated_data_e_scaled_in_to_rec_fn_10 INToRecFN_i16_e8_s24_10                           278     361.351    158.989      520.339 
          roundAnyRawFNToRecFN                  RoundAnyRawFNToRecFN_ie5_is16_oe8_os24_10          35      49.689      3.913       53.602 
        activated_data_e_scaled_in_to_rec_fn_11 INToRecFN_i16_e8_s24_11                           240     315.628    135.176      450.804 
          roundAnyRawFNToRecFN                  RoundAnyRawFNToRecFN_ie5_is16_oe8_os24_11          36      48.522      4.169       52.691 
        activated_data_e_scaled_in_to_rec_fn_12 INToRecFN_i16_e8_s24_12                           253     328.925    144.576      473.501 
          roundAnyRawFNToRecFN                  RoundAnyRawFNToRecFN_ie5_is16_oe8_os24_12          36      48.522      4.169       52.691 
        activated_data_e_scaled_in_to_rec_fn_13 INToRecFN_i16_e8_s24_13                           266     334.990    154.704      489.695 
          roundAnyRawFNToRecFN                  RoundAnyRawFNToRecFN_ie5_is16_oe8_os24_13          36      48.522      4.169       52.691 
        activated_data_e_scaled_in_to_rec_fn_14 INToRecFN_i16_e8_s24_14                           253     326.125    145.062      471.187 
          roundAnyRawFNToRecFN                  RoundAnyRawFNToRecFN_ie5_is16_oe8_os24_14          36      48.522      4.169       52.691 
        activated_data_e_scaled_in_to_rec_fn_15 INToRecFN_i16_e8_s24_15                           253     323.559    143.118      466.677 
          roundAnyRawFNToRecFN                  RoundAnyRawFNToRecFN_ie5_is16_oe8_os24_15          36      48.522      4.169       52.691 
        activated_data_e_scaled_in_to_rec_fn_2  INToRecFN_i16_e8_s24_2                            262     344.555    150.280      494.834 
          roundAnyRawFNToRecFN                  RoundAnyRawFNToRecFN_ie5_is16_oe8_os24_2           36      49.689      4.169       53.858 
        activated_data_e_scaled_in_to_rec_fn_3  INToRecFN_i16_e8_s24_3                            260     344.788    149.282      494.070 
          roundAnyRawFNToRecFN                  RoundAnyRawFNToRecFN_ie5_is16_oe8_os24_3           36      50.855      4.169       55.024 
        activated_data_e_scaled_in_to_rec_fn_4  INToRecFN_i16_e8_s24_4                            250     323.559    141.622      465.181 
          roundAnyRawFNToRecFN                  RoundAnyRawFNToRecFN_ie5_is16_oe8_os24_4           36      49.455      4.169       53.624 
        activated_data_e_scaled_in_to_rec_fn_5  INToRecFN_i16_e8_s24_5                            269     339.656    156.201      495.856 
          roundAnyRawFNToRecFN                  RoundAnyRawFNToRecFN_ie5_is16_oe8_os24_5           36      48.522      4.169       52.691 
        activated_data_e_scaled_in_to_rec_fn_6  INToRecFN_i16_e8_s24_6                            259     341.055    148.054      489.110 
          roundAnyRawFNToRecFN                  RoundAnyRawFNToRecFN_ie5_is16_oe8_os24_6           35      49.689      3.913       53.602 
        activated_data_e_scaled_in_to_rec_fn_7  INToRecFN_i16_e8_s24_7                            239     315.395    134.434      449.829 
          roundAnyRawFNToRecFN                  RoundAnyRawFNToRecFN_ie5_is16_oe8_os24_7           36      48.522      4.169       52.691 
        activated_data_e_scaled_in_to_rec_fn_8  INToRecFN_i16_e8_s24_8                            254     331.024    141.430      472.454 
          roundAnyRawFNToRecFN                  RoundAnyRawFNToRecFN_ie5_is16_oe8_os24_8           38      50.855      4.681       55.536 
        activated_data_e_scaled_in_to_rec_fn_9  INToRecFN_i16_e8_s24_9                            254     329.391    141.430      470.821 
          roundAnyRawFNToRecFN                  RoundAnyRawFNToRecFN_ie5_is16_oe8_os24_9           38      50.855      4.681       55.536 
        activated_data_e_scaled_muladder        MulAddRecFN_e8_s24_19                            3673    4980.761   2516.157     7496.918 
          mulAddRecFNToRaw_postMul              MulAddRecFNToRaw_postMul_e8_s24_19                870    1111.579    608.088     1719.667 
          mulAddRecFNToRaw_preMul               MulAddRecFNToRaw_preMul_e8_s24_19                 184     154.898     24.490      179.388 
          roundRawFNToRecFN                     RoundRawFNToRecFN_e8_s24                          647     816.247    429.252     1245.498 
            roundAnyRawFNToRecFN                RoundAnyRawFNToRecFN_ie8_is26_oe8_os24            638     809.948    429.252     1239.200 
        activated_data_e_scaled_muladder_1      MulAddRecFN_e8_s24_5                             3633    4929.440   2494.992     7424.432 
          mulAddRecFNToRaw_postMul              MulAddRecFNToRaw_postMul_e8_s24_5                 885    1096.883    614.841     1711.723 
          mulAddRecFNToRaw_preMul               MulAddRecFNToRaw_preMul_e8_s24_5                  181     151.632     22.508      174.140 
          roundRawFNToRecFN                     RoundRawFNToRecFN_e8_s24_5                        637     815.080    422.320     1237.400 
            roundAnyRawFNToRecFN                RoundAnyRawFNToRecFN_ie8_is26_oe8_os24_5          628     808.782    422.320     1231.102 
        activated_data_e_scaled_muladder_10     MulAddRecFN_e8_s24_14                            3721    5015.520   2540.583     7556.103 
          mulAddRecFNToRaw_postMul              MulAddRecFNToRaw_postMul_e8_s24_14                906    1134.674    627.258     1761.932 
          mulAddRecFNToRaw_preMul               MulAddRecFNToRaw_preMul_e8_s24_14                 184     154.898     24.490      179.388 
          roundRawFNToRecFN                     RoundRawFNToRecFN_e8_s24_14                       654     821.845    432.743     1254.588 
            roundAnyRawFNToRecFN                RoundAnyRawFNToRecFN_ie8_is26_oe8_os24_14         645     815.547    432.743     1248.290 
        activated_data_e_scaled_muladder_11     MulAddRecFN_e8_s24_15                            3597    4858.989   2476.794     7335.783 
          mulAddRecFNToRaw_postMul              MulAddRecFNToRaw_postMul_e8_s24_15                861    1099.215    599.226     1698.441 
          mulAddRecFNToRaw_preMul               MulAddRecFNToRaw_preMul_e8_s24_15                 181     152.099     22.508      174.607 
          roundRawFNToRecFN                     RoundRawFNToRecFN_e8_s24_15                       660     819.513    436.464     1255.977 
            roundAnyRawFNToRecFN                RoundAnyRawFNToRecFN_ie8_is26_oe8_os24_15         651     813.214    436.464     1249.678 
        activated_data_e_scaled_muladder_12     MulAddRecFN_e8_s24_16                            3591    4856.423   2473.558     7329.981 
          mulAddRecFNToRaw_postMul              MulAddRecFNToRaw_postMul_e8_s24_16                853    1091.051    595.236     1686.286 
          mulAddRecFNToRaw_preMul               MulAddRecFNToRaw_preMul_e8_s24_16                 183     153.965     23.749      177.713 
          roundRawFNToRecFN                     RoundRawFNToRecFN_e8_s24_16                       675     837.475    443.217     1280.692 
            roundAnyRawFNToRecFN                RoundAnyRawFNToRecFN_ie8_is26_oe8_os24_16         666     831.177    443.217     1274.393 
        activated_data_e_scaled_muladder_13     MulAddRecFN_e8_s24_17                            3588    4854.557   2472.791     7327.348 
          mulAddRecFNToRaw_postMul              MulAddRecFNToRaw_postMul_e8_s24_17                846    1084.985    591.501     1676.487 
          mulAddRecFNToRaw_preMul               MulAddRecFNToRaw_preMul_e8_s24_17                 185     155.831     25.232      181.063 
          roundRawFNToRecFN                     RoundRawFNToRecFN_e8_s24_17                       659     821.379    435.480     1256.859 
            roundAnyRawFNToRecFN                RoundAnyRawFNToRecFN_ie8_is26_oe8_os24_17         650     815.080    435.480     1250.560 
        activated_data_e_scaled_muladder_14     MulAddRecFN_e8_s24_18                            3583    4844.526   2469.568     7314.094 
          mulAddRecFNToRaw_postMul              MulAddRecFNToRaw_postMul_e8_s24_18                851    1089.418    594.238     1683.656 
          mulAddRecFNToRaw_preMul               MulAddRecFNToRaw_preMul_e8_s24_18                 183     153.965     23.749      177.713 
          roundRawFNToRecFN                     RoundRawFNToRecFN_e8_s24_18                       657     816.947    434.239     1251.186 
            roundAnyRawFNToRecFN                RoundAnyRawFNToRecFN_ie8_is26_oe8_os24_18         648     810.648    434.239     1244.887 
        activated_data_e_scaled_muladder_15     MulAddRecFN_e8_s24_4                             3578    4847.558   2467.560     7315.119 
          mulAddRecFNToRaw_postMul              MulAddRecFNToRaw_postMul_e8_s24_4                 846    1086.152    591.744     1677.896 
          mulAddRecFNToRaw_preMul               MulAddRecFNToRaw_preMul_e8_s24_4                  182     153.032     23.250      176.281 
          roundRawFNToRecFN                     RoundRawFNToRecFN_e8_s24_4                        657     816.947    434.239     1251.186 
            roundAnyRawFNToRecFN                RoundAnyRawFNToRecFN_ie8_is26_oe8_os24_4          648     810.648    434.239     1244.887 
        activated_data_e_scaled_muladder_2      MulAddRecFN_e8_s24_6                             3683    4975.396   2521.631     7497.026 
          mulAddRecFNToRaw_postMul              MulAddRecFNToRaw_postMul_e8_s24_6                 900    1129.542    623.537     1753.079 
          mulAddRecFNToRaw_preMul               MulAddRecFNToRaw_preMul_e8_s24_6                  184     154.898     24.490      179.388 
          roundRawFNToRecFN                     RoundRawFNToRecFN_e8_s24_6                        650     817.646    431.234     1248.880 
            roundAnyRawFNToRecFN                RoundAnyRawFNToRecFN_ie8_is26_oe8_os24_6          641     811.348    431.234     1242.582 
        activated_data_e_scaled_muladder_3      MulAddRecFN_e8_s24_7                             3746    5033.716   2548.436     7582.151 
          mulAddRecFNToRaw_postMul              MulAddRecFNToRaw_postMul_e8_s24_7                 916    1150.770    632.732     1783.502 
          mulAddRecFNToRaw_preMul               MulAddRecFNToRaw_preMul_e8_s24_7                  184     154.898     24.490      179.388 
          roundRawFNToRecFN                     RoundRawFNToRecFN_e8_s24_7                        653     820.212    432.730     1252.943 
            roundAnyRawFNToRecFN                RoundAnyRawFNToRecFN_ie8_is26_oe8_os24_7          644     813.914    432.730     1246.644 
        activated_data_e_scaled_muladder_4      MulAddRecFN_e8_s24_8                             3584    4845.925   2470.310     7316.235 
          mulAddRecFNToRaw_postMul              MulAddRecFNToRaw_postMul_e8_s24_8                 857    1096.183    597.231     1693.413 
          mulAddRecFNToRaw_preMul               MulAddRecFNToRaw_preMul_e8_s24_8                  182     153.032     23.250      176.281 
          roundRawFNToRecFN                     RoundRawFNToRecFN_e8_s24_8                        657     818.113    434.725     1252.838 
            roundAnyRawFNToRecFN                RoundAnyRawFNToRecFN_ie8_is26_oe8_os24_8          648     811.814    434.725     1246.539 
        activated_data_e_scaled_muladder_5      MulAddRecFN_e8_s24_9                             3593    4860.855   2474.799     7335.654 
          mulAddRecFNToRaw_postMul              MulAddRecFNToRaw_postMul_e8_s24_9                 845    1084.752    591.003     1675.755 
          mulAddRecFNToRaw_preMul               MulAddRecFNToRaw_preMul_e8_s24_9                  185     155.831     25.232      181.063 
          roundRawFNToRecFN                     RoundRawFNToRecFN_e8_s24_9                        659     821.612    435.723     1257.335 
            roundAnyRawFNToRecFN                RoundAnyRawFNToRecFN_ie8_is26_oe8_os24_9          650     815.314    435.723     1251.036 
        activated_data_e_scaled_muladder_6      MulAddRecFN_e8_s24_10                            3701    4991.725   2529.879     7521.605 
          mulAddRecFNToRaw_postMul              MulAddRecFNToRaw_postMul_e8_s24_10                910    1137.940    629.253     1767.193 
          mulAddRecFNToRaw_preMul               MulAddRecFNToRaw_preMul_e8_s24_10                 184     154.898     24.490      179.388 
          roundRawFNToRecFN                     RoundRawFNToRecFN_e8_s24_10                       647     814.380    429.009     1243.389 
            roundAnyRawFNToRecFN                RoundAnyRawFNToRecFN_ie8_is26_oe8_os24_10         638     808.082    429.009     1237.090 
        activated_data_e_scaled_muladder_7      MulAddRecFN_e8_s24_11                            3596    4858.756   2476.295     7335.051 
          mulAddRecFNToRaw_postMul              MulAddRecFNToRaw_postMul_e8_s24_11                865    1104.114    601.221     1705.335 
          mulAddRecFNToRaw_preMul               MulAddRecFNToRaw_preMul_e8_s24_11                 181     152.099     22.508      174.607 
          roundRawFNToRecFN                     RoundRawFNToRecFN_e8_s24_11                       655     816.713    434.214     1250.927 
            roundAnyRawFNToRecFN                RoundAnyRawFNToRecFN_ie8_is26_oe8_os24_11         646     810.415    434.214     1244.628 
        activated_data_e_scaled_muladder_8      MulAddRecFN_e8_s24_12                            3644    4944.603   2500.964     7445.567 
          mulAddRecFNToRaw_postMul              MulAddRecFNToRaw_postMul_e8_s24_12                903    1122.543    623.575     1746.119 
          mulAddRecFNToRaw_preMul               MulAddRecFNToRaw_preMul_e8_s24_12                 181     151.632     22.508      174.140 
          roundRawFNToRecFN                     RoundRawFNToRecFN_e8_s24_12                       635     810.881    421.566     1232.447 
            roundAnyRawFNToRecFN                RoundAnyRawFNToRecFN_ie8_is26_oe8_os24_12         626     804.583    421.566     1226.148 
        activated_data_e_scaled_muladder_9      MulAddRecFN_e8_s24_13                            3629    4928.040   2493.483     7421.523 
          mulAddRecFNToRaw_postMul              MulAddRecFNToRaw_postMul_e8_s24_13                879    1090.817    611.605     1702.422 
          mulAddRecFNToRaw_preMul               MulAddRecFNToRaw_preMul_e8_s24_13                 181     151.632     22.508      174.140 
          roundRawFNToRecFN                     RoundRawFNToRecFN_e8_s24_13                       642     817.880    425.300     1243.180 
            roundAnyRawFNToRecFN                RoundAnyRawFNToRecFN_ie8_is26_oe8_os24_13         633     811.581    425.300     1236.881 
        activated_data_e_scaled_rec_fn_to_in    RecFNToIN_e8_s24_i16                              314     425.736    215.169      640.905 
        activated_data_e_scaled_rec_fn_to_in_1  RecFNToIN_e8_s24_i16_1                            316     413.605    220.784      634.389 
        activated_data_e_scaled_rec_fn_to_in_10 RecFNToIN_e8_s24_i16_10                           325     433.901    223.328      657.229 
        activated_data_e_scaled_rec_fn_to_in_11 RecFNToIN_e8_s24_i16_11                           308     419.437    214.364      633.801 
        activated_data_e_scaled_rec_fn_to_in_12 RecFNToIN_e8_s24_i16_12                           300     412.439    208.187      620.626 
        activated_data_e_scaled_rec_fn_to_in_13 RecFNToIN_e8_s24_i16_13                           300     411.039    208.187      619.226 
        activated_data_e_scaled_rec_fn_to_in_14 RecFNToIN_e8_s24_i16_14                           308     419.904    214.364      634.268 
        activated_data_e_scaled_rec_fn_to_in_15 RecFNToIN_e8_s24_i16_15                           308     419.437    214.364      633.801 
        activated_data_e_scaled_rec_fn_to_in_2  RecFNToIN_e8_s24_i16_2                            319     429.002    218.392      647.394 
        activated_data_e_scaled_rec_fn_to_in_3  RecFNToIN_e8_s24_i16_3                            323     434.834    221.602      656.436 
        activated_data_e_scaled_rec_fn_to_in_4  RecFNToIN_e8_s24_i16_4                            307     417.105    213.865      630.969 
        activated_data_e_scaled_rec_fn_to_in_5  RecFNToIN_e8_s24_i16_5                            299     411.039    207.688      618.727 
        activated_data_e_scaled_rec_fn_to_in_6  RecFNToIN_e8_s24_i16_6                            334     442.999    227.088      670.087 
        activated_data_e_scaled_rec_fn_to_in_7  RecFNToIN_e8_s24_i16_7                            305     415.472    212.867      628.339 
        activated_data_e_scaled_rec_fn_to_in_8  RecFNToIN_e8_s24_i16_8                            306     404.508    213.123      617.631 
        activated_data_e_scaled_rec_fn_to_in_9  RecFNToIN_e8_s24_i16_9                            316     415.005    220.784      635.789 
        pipe_out_p                              Pipeline_1                                       2826   15265.610   1155.661    16421.270 
      buffer                                    TLBuffer_a32d128s4k4z4u                          1083    4647.871    515.345     5163.216 
        nodeIn_d_q                              Queue2_TLBundleD_a32d128s4k4z4u                   469    1957.686    217.369     2175.055 
          ram_ext                               ram_2x147                                         429    1906.597    172.698     2079.296 
        nodeOut_a_q                             Queue2_TLBundleA_a32d128s4k4z4u                   602    2681.787    297.976     2979.763 
          ram_ext                               ram_2x191                                         581    2643.062    239.685     2882.748 
      buffer_1                                  TLBuffer_a32d128s4k4z4u_1                        1209    3228.362    323.719     3552.081 
        nodeIn_d_q                              Queue2_TLBundleD_a32d128s4k4z4u_1                 468     451.397     25.501      476.897 
          ram_ext                               ram_2x147_1                                       171     220.916     12.674      233.590 
        nodeOut_a_q                             Queue2_TLBundleA_a32d128s4k4z4u_1                 602    2679.687    298.219     2977.906 
          ram_ext                               ram_2x191_1                                       581    2643.062    239.685     2882.748 
      buffer_2                                  TLBuffer_a32d128s5k4z4u                          1096    4679.597    517.813     5197.410 
        nodeIn_d_q                              Queue2_TLBundleD_a32d128s5k4z4u                   472    1971.449    218.852     2190.302 
          ram_ext                               ram_2x148                                         432    1920.361    173.939     2094.300 
        nodeOut_a_q                             Queue2_TLBundleA_a32d128s5k4z4u                   604    2694.151    298.961     2993.111 
          ram_ext                               ram_2x192                                         584    2657.059    240.926     2897.985 
      dma_read_pipe                             Queue4_ScratchpadReadResp                         953    3560.553    539.873     4100.426 
        ram_ext                                 ram_4x129                                         920    3503.166    516.445     4019.610 
      dma_read_pipe_1                           Queue4_ScratchpadReadResp_2                       950    3558.686    538.377     4097.064 
        ram_ext                                 ram_4x129_2                                       917    3501.300    515.434     4016.734 
      dma_read_pipe_2                           Queue4_ScratchpadReadResp_4                       951    3559.153    538.876     4098.029 
        ram_ext                                 ram_4x129_4                                       918    3501.766    515.933     4017.699 
      dma_read_pipe_3                           Queue4_ScratchpadReadResp_6                       951    3560.319    538.876     4099.195 
        ram_ext                                 ram_4x129_6                                       917    3501.300    515.434     4016.734 
      ex_read_pipe                              Queue4_ScratchpadReadResp_1                       700    1984.513    289.369     2273.882 
        ram_ext                                 ram_4x129_1                                       542    1839.413    266.682     2106.095 
      ex_read_pipe_1                            Queue4_ScratchpadReadResp_3                       700    1984.513    289.369     2273.882 
        ram_ext                                 ram_4x129_3                                       542    1839.413    266.682     2106.095 
      ex_read_pipe_2                            Queue4_ScratchpadReadResp_5                       700    1984.513    289.369     2273.882 
        ram_ext                                 ram_4x129_5                                       542    1839.413    266.682     2106.095 
      ex_read_pipe_3                            Queue4_ScratchpadReadResp_7                       700    1984.513    289.369     2273.882 
        ram_ext                                 ram_4x129_7                                       542    1839.413    266.682     2106.095 
      mvin_scale_pixel_repeater                 PixelRepeater_1                                   821    1978.448    674.692     2653.139 
      norm_unit_passthru_q                      Queue2_NormalizedInput                           1054    4129.989    530.551     4660.540 
        ram_ext                                 ram_2x294                                        1029    4089.398    518.670     4608.068 
      read_issue_q                              Queue5_ScratchpadMemReadRequest                  1459    3976.024    738.021     4714.045 
        ram_ext                                 ram_5x258                                        1141    3700.521    675.548     4376.069 
      reader                                    StreamReader                                    14825   28875.165  11443.349    40318.514 
        beatPacker                              BeatMerger                                       8780   13741.358   8324.321    22065.680 
        core                                    StreamReaderCore                                 2559    5200.278    763.662     5963.940 
          tlb_arb                               Arbiter2_TLBundleAWithInfo                        338     407.540     15.078      422.618 
          tlb_q                                 Queue1_TLBundleAWithInfo                          342    1273.942      2.494     1276.436 
          translate_q                           Queue1_TLBundleAWithInfo_1                        343    1274.875      2.993     1277.868 
        xactTracker                             XactTracker                                      3002    9287.110   2212.963    11500.073 
      spad_mems_0                               ScratchpadBank                                    348  424702.270    314.972   425017.242 
        mem                                     mem                                                35  423578.093     17.009   423595.102 
          mem_ext                               mem_ext                                            35  423578.093     17.009   423595.102 
        q                                       Queue1_ScratchpadReadResp                         271    1043.928    100.417     1144.345 
      spad_mems_1                               ScratchpadBank_1                                  348  424702.270    314.972   425017.242 
        mem                                     mem_1                                              35  423578.093     17.009   423595.102 
          mem_ext                               mem_ext_1                                          35  423578.093     17.009   423595.102 
        q                                       Queue1_ScratchpadReadResp_1                       271    1043.928    100.417     1144.345 
      spad_mems_2                               ScratchpadBank_2                                  348  424702.270    314.972   425017.242 
        mem                                     mem_2                                              35  423578.093     17.009   423595.102 
          mem_ext                               mem_ext_2                                          35  423578.093     17.009   423595.102 
        q                                       Queue1_ScratchpadReadResp_2                       271    1043.928    100.417     1144.345 
      spad_mems_3                               ScratchpadBank_3                                  348  424702.270    314.972   425017.242 
        mem                                     mem_3                                              35  423578.093     17.009   423595.102 
          mem_ext                               mem_ext_3                                          35  423578.093     17.009   423595.102 
        q                                       Queue1_ScratchpadReadResp_3                       271    1043.928    100.417     1144.345 
      vsm                                       VectorScalarMultiplier                          17062   28739.396  11308.595    40047.991 
        arb                                     RRArbiter                                         239     344.788    149.052      493.840 
        arb_1                                   RRArbiter_1                                       239     344.788    149.052      493.840 
        arb_2                                   RRArbiter_2                                       239     344.788    149.052      493.840 
        arb_3                                   RRArbiter_3                                       239     344.788    149.052      493.840 
        pipe                                    ScalePipe                                        2982    3966.926   2032.004     5998.930 
          out_bits_data_in_to_rec_fn            INToRecFN_i8_e8_s24                               126     137.402     45.182      182.584 
            roundAnyRawFNToRecFN                RoundAnyRawFNToRecFN_ie4_is8_oe8_os24              34      33.359      1.714       35.073 
          out_bits_data_muladder                MulAddRecFN_e8_s24                               2202    2806.825   1420.322     4227.147 
            mulAddRecFNToRaw_postMul            MulAddRecFNToRaw_postMul_e8_s24                   503     638.254    359.924      998.178 
            mulAddRecFNToRaw_preMul             MulAddRecFNToRaw_preMul_e8_s24                    182     151.165     22.521      173.686 
            roundRawFNToRecFN                   RoundRawFNToRecFN_e8_s24_19                       576     678.612    379.990     1058.601 
              roundAnyRawFNToRecFN              RoundAnyRawFNToRecFN_ie8_is26_oe8_os24_19         567     672.313    379.990     1052.303 
          out_bits_data_rec_fn_to_in            RecFNToIN_e8_s24_i8                               131     170.761     88.037      258.798 
        pipe_1                                  ScalePipe_1                                      2982    3966.926   2032.004     5998.930 
          out_bits_data_in_to_rec_fn            INToRecFN_i8_e8_s24_1                             126     137.402     45.182      182.584 
            roundAnyRawFNToRecFN                RoundAnyRawFNToRecFN_ie4_is8_oe8_os24_1            34      33.359      1.714       35.073 
          out_bits_data_muladder                MulAddRecFN_e8_s24_1                             2202    2806.825   1420.322     4227.147 
            mulAddRecFNToRaw_postMul            MulAddRecFNToRaw_postMul_e8_s24_1                 503     638.254    359.924      998.178 
            mulAddRecFNToRaw_preMul             MulAddRecFNToRaw_preMul_e8_s24_1                  182     151.165     22.521      173.686 
            roundRawFNToRecFN                   RoundRawFNToRecFN_e8_s24_1                        576     678.612    379.990     1058.601 
              roundAnyRawFNToRecFN              RoundAnyRawFNToRecFN_ie8_is26_oe8_os24_1          567     672.313    379.990     1052.303 
          out_bits_data_rec_fn_to_in            RecFNToIN_e8_s24_i8_1                             131     170.761     88.037      258.798 
        pipe_2                                  ScalePipe_2                                      2982    3966.926   2032.004     5998.930 
          out_bits_data_in_to_rec_fn            INToRecFN_i8_e8_s24_2                             126     137.402     45.182      182.584 
            roundAnyRawFNToRecFN                RoundAnyRawFNToRecFN_ie4_is8_oe8_os24_2            34      33.359      1.714       35.073 
          out_bits_data_muladder                MulAddRecFN_e8_s24_2                             2202    2806.825   1420.322     4227.147 
            mulAddRecFNToRaw_postMul            MulAddRecFNToRaw_postMul_e8_s24_2                 503     638.254    359.924      998.178 
            mulAddRecFNToRaw_preMul             MulAddRecFNToRaw_preMul_e8_s24_2                  182     151.165     22.521      173.686 
            roundRawFNToRecFN                   RoundRawFNToRecFN_e8_s24_2                        576     678.612    379.990     1058.601 
              roundAnyRawFNToRecFN              RoundAnyRawFNToRecFN_ie8_is26_oe8_os24_2          567     672.313    379.990     1052.303 
          out_bits_data_rec_fn_to_in            RecFNToIN_e8_s24_i8_2                             131     170.761     88.037      258.798 
        pipe_3                                  ScalePipe_3                                      2982    3966.926   2032.004     5998.930 
          out_bits_data_in_to_rec_fn            INToRecFN_i8_e8_s24_3                             126     137.402     45.182      182.584 
            roundAnyRawFNToRecFN                RoundAnyRawFNToRecFN_ie4_is8_oe8_os24_3            34      33.359      1.714       35.073 
          out_bits_data_muladder                MulAddRecFN_e8_s24_3                             2202    2806.825   1420.322     4227.147 
            mulAddRecFNToRaw_postMul            MulAddRecFNToRaw_postMul_e8_s24_3                 503     638.254    359.924      998.178 
            mulAddRecFNToRaw_preMul             MulAddRecFNToRaw_preMul_e8_s24_3                  182     151.165     22.521      173.686 
            roundRawFNToRecFN                   RoundRawFNToRecFN_e8_s24_3                        576     678.612    379.990     1058.601 
              roundAnyRawFNToRecFN              RoundAnyRawFNToRecFN_ie8_is26_oe8_os24_3          567     672.313    379.990     1052.303 
          out_bits_data_rec_fn_to_in            RecFNToIN_e8_s24_i8_3                             131     170.761     88.037      258.798 
      vsm_1                                     VectorScalarMultiplier_1                          415    1970.749     50.029     2020.779 
      vsm_in_q                                  Queue2_VectorScalarMultiplierReq                  823    3144.614    345.051     3489.665 
        ram_ext                                 ram_2x257                                         717    3045.237    332.429     3377.666 
      vsm_in_q_1                                Queue2_VectorScalarMultiplierReq_1               1065    4478.509    492.914     4971.423 
        ram_ext                                 ram_2x337                                         998    4407.592    480.790     4888.382 
      write_dispatch_q_q                        Queue2_ScratchpadMemWriteRequest                  987    1991.511    177.315     2168.826 
        ram_ext                                 ram_2x319                                         546    1661.887    138.220     1800.107 
      write_issue_q                             Queue5_ScratchpadMemWriteRequest                 1054    2529.222    484.678     3013.899 
        ram_ext                                 ram_5x190                                         777    2281.945    446.030     2727.975 
      write_norm_q                              Queue6_ScratchpadMemWriteRequest                 1640    3209.233    622.552     3831.785 
        ram_ext                                 ram_6x319                                        1103    2785.596    586.066     3371.663 
      write_scale_q                             Queue6_ScratchpadMemWriteRequest_1               1648    3216.231    625.570     3841.802 
        ram_ext                                 ram_6x319_1                                      1113    2793.061    590.811     3383.872 
      writer                                    StreamWriter                                     8849   17919.870   6400.254    24320.123 
        shadow_retry_a                          Queue1_TLBundleAWithInfo_2                        347    1284.440      4.975     1289.414 
        tlb_arb                                 Arbiter3_TLBundleAWithInfo                        360     707.305    154.065      861.370 
        tlb_q                                   Queue1_TLBundleAWithInfo_3                        348    1285.373      4.975     1290.348 
        translate_q                             Queue1_TLBundleAWithInfo_3_1                      348    1285.373      4.975     1290.348 
      xbar                                      TLXbar_i2_o1_a32d128s5k4z4u                       599     780.088    121.633      901.721 
      zero_writer                               ZeroWriter                                        254     546.342    134.562      680.904 
      zero_writer_pixel_repeater                PixelRepeater                                     278     574.802    183.799      758.601 
